Component: ARM Compiler 5.06 update 1 (build 61) Tool: armlink [4d35a8]

==============================================================================

Section Cross References

    main.o(i.main) refers to rt_cmsis.o(i.osKernelInitialize) for osKernelInitialize
    main.o(i.main) refers to uart_datatransfer.o(i.osMemoryInit) for osMemoryInit
    main.o(i.main) refers to uart_datatransfer.o(i.msgQueueInit) for msgQueueInit
    main.o(i.main) refers to uart_datatransfer.o(i.communicationActive) for communicationActive
    main.o(i.main) refers to lcd_1.44.o(i.LCD144Disp_Active) for LCD144Disp_Active
    main.o(i.main) refers to rt_cmsis.o(i.osKernelStart) for osKernelStart
    delay.o(i.delay_us) refers to system_stm32f10x.o(.data) for SystemCoreClock
    moddetect.o(i.modDetect_Init) refers to stm32f10x_rcc.o(i.RCC_APB2PeriphClockCmd) for RCC_APB2PeriphClockCmd
    moddetect.o(i.modDetect_Init) refers to stm32f10x_gpio.o(i.GPIO_Init) for GPIO_Init
    uart_datatransfer.o(i.TimerZigbDevManage_Callback) refers to _printf_pad.o(.text) for _printf_pre_padding
    uart_datatransfer.o(i.TimerZigbDevManage_Callback) refers to _printf_percent.o(.ARM.Collect$$_printf_percent$$00000000) for _printf_percent
    uart_datatransfer.o(i.TimerZigbDevManage_Callback) refers to _printf_x.o(.ARM.Collect$$_printf_percent$$0000000C) for _printf_x
    uart_datatransfer.o(i.TimerZigbDevManage_Callback) refers to _printf_hex_int.o(.text) for _printf_longlong_hex
    uart_datatransfer.o(i.TimerZigbDevManage_Callback) refers to uart_datatransfer.o(i.zigbDev_delSame) for zigbDev_delSame
    uart_datatransfer.o(i.TimerZigbDevManage_Callback) refers to uart_datatransfer.o(i.zigbDev_chatLenDectect) for zigbDev_chatLenDectect
    uart_datatransfer.o(i.TimerZigbDevManage_Callback) refers to rt_cmsis.o(i.osDelay) for osDelay
    uart_datatransfer.o(i.TimerZigbDevManage_Callback) refers to uart_datatransfer.o(i.zigbDev_eptRemove_BYnwk) for zigbDev_eptRemove_BYnwk
    uart_datatransfer.o(i.TimerZigbDevManage_Callback) refers to rt_memclr_w.o(.text) for __aeabi_memclr4
    uart_datatransfer.o(i.TimerZigbDevManage_Callback) refers to noretval__2snprintf.o(.text) for __2snprintf
    uart_datatransfer.o(i.TimerZigbDevManage_Callback) refers to strlen.o(.text) for strlen
    uart_datatransfer.o(i.TimerZigbDevManage_Callback) refers to uart_datatransfer.o(.conststring) for .conststring
    uart_datatransfer.o(i.TimerZigbDevManage_Callback) refers to usart_stm32f10x.o(.constdata) for Driver_USART1
    uart_datatransfer.o(i.USART1_DbugP1_Init) refers to usart_stm32f10x.o(.constdata) for Driver_USART1
    uart_datatransfer.o(i.USART1_DbugP1_Init) refers to uart_datatransfer.o(i.USART1_callback) for USART1_callback
    uart_datatransfer.o(i.USART2_DbugP2_Init) refers to stm32f10x_rcc.o(i.RCC_APB2PeriphClockCmd) for RCC_APB2PeriphClockCmd
    uart_datatransfer.o(i.USART2_DbugP2_Init) refers to stm32f10x_gpio.o(i.GPIO_Init) for GPIO_Init
    uart_datatransfer.o(i.USART2_DbugP2_Init) refers to usart_stm32f10x.o(.constdata) for Driver_USART2
    uart_datatransfer.o(i.USART2_DbugP2_Init) refers to uart_datatransfer.o(i.USART2_callback) for USART2_callback
    uart_datatransfer.o(i.USART3_DataTransP1_Init) refers to stm32f10x_rcc.o(i.RCC_APB2PeriphClockCmd) for RCC_APB2PeriphClockCmd
    uart_datatransfer.o(i.USART3_DataTransP1_Init) refers to stm32f10x_gpio.o(i.GPIO_PinRemapConfig) for GPIO_PinRemapConfig
    uart_datatransfer.o(i.USART3_DataTransP1_Init) refers to stm32f10x_gpio.o(i.GPIO_Init) for GPIO_Init
    uart_datatransfer.o(i.USART3_DataTransP1_Init) refers to stm32f10x_rcc.o(i.RCC_APB1PeriphClockCmd) for RCC_APB1PeriphClockCmd
    uart_datatransfer.o(i.USART3_DataTransP1_Init) refers to usart_stm32f10x.o(.constdata) for Driver_USART3
    uart_datatransfer.o(i.USART3_DataTransP1_Init) refers to uart_datatransfer.o(i.USART3_callback) for USART3_callback
    uart_datatransfer.o(i.USART4_DataTransP2_Init) refers to stm32f10x_rcc.o(i.RCC_APB2PeriphClockCmd) for RCC_APB2PeriphClockCmd
    uart_datatransfer.o(i.USART4_DataTransP2_Init) refers to stm32f10x_gpio.o(i.GPIO_Init) for GPIO_Init
    uart_datatransfer.o(i.USART4_DataTransP2_Init) refers to usart_stm32f10x.o(.constdata) for Driver_USART4
    uart_datatransfer.o(i.USART4_DataTransP2_Init) refers to uart_datatransfer.o(i.USART4_callback) for USART4_callback
    uart_datatransfer.o(i.USART5_DataTransP3_Init) refers to stm32f10x_rcc.o(i.RCC_APB2PeriphClockCmd) for RCC_APB2PeriphClockCmd
    uart_datatransfer.o(i.USART5_DataTransP3_Init) refers to stm32f10x_gpio.o(i.GPIO_Init) for GPIO_Init
    uart_datatransfer.o(i.USART5_DataTransP3_Init) refers to usart_stm32f10x.o(.constdata) for Driver_USART5
    uart_datatransfer.o(i.USART5_DataTransP3_Init) refers to uart_datatransfer.o(i.USART5_callback) for USART5_callback
    uart_datatransfer.o(i.WIFI_CONNECT_DETECT) refers to rt_memclr_w.o(.text) for __aeabi_memclr4
[...]
    __rt_lib_init_getenv_1                   0x080001bd   Thumb Code     0  libinit2.o(.ARM.Collect$$libinit$$00000023)
    __rt_lib_init_heap_1                     0x080001bd   Thumb Code     0  libinit2.o(.ARM.Collect$$libinit$$0000000A)
    __rt_lib_init_lc_collate_1               0x080001bd   Thumb Code     0  libinit2.o(.ARM.Collect$$libinit$$00000011)
    __rt_lib_init_lc_ctype_1                 0x080001bd   Thumb Code     0  libinit2.o(.ARM.Collect$$libinit$$00000013)
    __rt_lib_init_lc_monetary_1              0x080001bd   Thumb Code     0  libinit2.o(.ARM.Collect$$libinit$$00000015)
    __rt_lib_init_lc_numeric_1               0x080001bd   Thumb Code     0  libinit2.o(.ARM.Collect$$libinit$$00000017)
    __rt_lib_init_lc_time_1                  0x080001bd   Thumb Code     0  libinit2.o(.ARM.Collect$$libinit$$00000019)
    __rt_lib_init_preinit_1                  0x080001bd   Thumb Code     0  libinit2.o(.ARM.Collect$$libinit$$00000004)
    __rt_lib_init_rand_1                     0x080001bd   Thumb Code     0  libinit2.o(.ARM.Collect$$libinit$$0000000E)
    __rt_lib_init_return                     0x080001bd   Thumb Code     0  libinit2.o(.ARM.Collect$$libinit$$00000033)
    __rt_lib_init_signal_1                   0x080001bd   Thumb Code     0  libinit2.o(.ARM.Collect$$libinit$$0000001D)
    __rt_lib_init_stdio_1                    0x080001bd   Thumb Code     0  libinit2.o(.ARM.Collect$$libinit$$00000025)
    __rt_lib_init_user_alloc_1               0x080001bd   Thumb Code     0  libinit2.o(.ARM.Collect$$libinit$$0000000C)
    __rt_lib_shutdown                        0x080001bf   Thumb Code     0  libshutdown.o(.ARM.Collect$$libshutdown$$00000000)
    __rt_lib_shutdown_cpp_1                  0x080001c1   Thumb Code     0  libshutdown2.o(.ARM.Collect$$libshutdown$$00000002)
    __rt_lib_shutdown_fp_trap_1              0x080001c1   Thumb Code     0  libshutdown2.o(.ARM.Collect$$libshutdown$$00000007)
    __rt_lib_shutdown_heap_1                 0x080001c1   Thumb Code     0  libshutdown2.o(.ARM.Collect$$libshutdown$$0000000F)
    __rt_lib_shutdown_return                 0x080001c1   Thumb Code     0  libshutdown2.o(.ARM.Collect$$libshutdown$$00000010)
    __rt_lib_shutdown_signal_1               0x080001c1   Thumb Code     0  libshutdown2.o(.ARM.Collect$$libshutdown$$0000000A)
    __rt_lib_shutdown_stdio_1                0x080001c1   Thumb Code     0  libshutdown2.o(.ARM.Collect$$libshutdown$$00000004)
    __rt_lib_shutdown_user_alloc_1           0x080001c1   Thumb Code     0  libshutdown2.o(.ARM.Collect$$libshutdown$$0000000C)
    __rt_entry                               0x080001c3   Thumb Code     0  __rtentry.o(.ARM.Collect$$rtentry$$00000000)
    __rt_entry_presh_1                       0x080001c3   Thumb Code     0  __rtentry2.o(.ARM.Collect$$rtentry$$00000002)
    __rt_entry_sh                            0x080001c3   Thumb Code     0  __rtentry4.o(.ARM.Collect$$rtentry$$00000004)
    __rt_entry_li                            0x080001c9   Thumb Code     0  __rtentry2.o(.ARM.Collect$$rtentry$$0000000A)
    __rt_entry_postsh_1                      0x080001c9   Thumb Code     0  __rtentry2.o(.ARM.Collect$$rtentry$$00000009)
    __rt_entry_postli_1                      0x080001cd   Thumb Code     0  __rtentry2.o(.ARM.Collect$$rtentry$$0000000B)
    __rt_entry_main                          0x080001d5   Thumb Code     0  __rtentry2.o(.ARM.Collect$$rtentry$$0000000D)
    __rt_exit                                0x080001dd   Thumb Code     0  rtexit.o(.ARM.Collect$$rtexit$$00000000)
    __rt_exit_ls                             0x080001df   Thumb Code     0  rtexit2.o(.ARM.Collect$$rtexit$$00000003)
    __rt_exit_prels_1                        0x080001df   Thumb Code     0  rtexit2.o(.ARM.Collect$$rtexit$$00000002)
    __rt_exit_exit                           0x080001e3   Thumb Code     0  rtexit2.o(.ARM.Collect$$rtexit$$00000004)
    _platform_post_lib_init                  0x080001e9   Thumb Code    24  rtx_conf_cm.o(.emb_text)
    rt_set_PSP                               0x08000205   Thumb Code     6  hal_cm3.o(.emb_text)
    rt_get_PSP                               0x0800020b   Thumb Code     6  hal_cm3.o(.emb_text)
    os_set_env                               0x08000211   Thumb Code    24  hal_cm3.o(.emb_text)
    _alloc_box                               0x0800022d   Thumb Code    28  hal_cm3.o(.emb_text)
    _free_box                                0x0800024d   Thumb Code    28  hal_cm3.o(.emb_text)
    SVC_Handler                              0x0800026d   Thumb Code   108  hal_cm3.o(.emb_text)
    PendSV_Handler                           0x080002e5   Thumb Code    56  hal_cm3.o(.emb_text)
    SysTick_Handler                          0x08000321   Thumb Code     8  hal_cm3.o(.emb_text)
    OS_Tick_Handler                          0x08000329   Thumb Code    12  hal_cm3.o(.emb_text)
    Reset_Handler                            0x08000335   Thumb Code     8  startup_stm32f10x_hd.o(.text)
    NMI_Handler                              0x0800033d   Thumb Code     2  startup_stm32f10x_hd.o(.text)
    HardFault_Handler                        0x0800033f   Thumb Code     2  startup_stm32f10x_hd.o(.text)
    MemManage_Handler                        0x08000341   Thumb Code     2  startup_stm32f10x_hd.o(.text)
    BusFault_Handler                         0x08000343   Thumb Code     2  startup_stm32f10x_hd.o(.text)
    UsageFault_Handler                       0x08000345   Thumb Code     2  startup_stm32f10x_hd.o(.text)
    DebugMon_Handler                         0x08000349   Thumb Code     2  startup_stm32f10x_hd.o(.text)
    ADC1_2_IRQHandler                        0x0800034f   Thumb Code     0  startup_stm32f10x_hd.o(.text)
    ADC3_IRQHandler                          0x0800034f   Thumb Code     0  startup_stm32f10x_hd.o(.text)
    CAN1_RX1_IRQHandler                      0x0800034f   Thumb Code     0  startup_stm32f10x_hd.o(.text)
    CAN1_SCE_IRQHandler                      0x0800034f   Thumb Code     0  startup_stm32f10x_hd.o(.text)
    EXTI0_IRQHandler                         0x0800034f   Thumb Code     0  startup_stm32f10x_hd.o(.text)
    EXTI15_10_IRQHandler                     0x0800034f   Thumb Code     0  startup_stm32f10x_hd.o(.text)
    EXTI1_IRQHandler                         0x0800034f   Thumb Code     0  startup_stm32f10x_hd.o(.text)
    EXTI2_IRQHandler                         0x0800034f   Thumb Code     0  startup_stm32f10x_hd.o(.text)
    EXTI3_IRQHandler                         0x0800034f   Thumb Code     0  startup_stm32f10x_hd.o(.text)
    EXTI4_IRQHandler                         0x0800034f   Thumb Code     0  startup_stm32f10x_hd.o(.text)
    EXTI9_5_IRQHandler                       0x0800034f   Thumb Code     0  startup_stm32f10x_hd.o(.text)
    FLASH_IRQHandler                         0x0800034f   Thumb Code     0  startup_stm32f10x_hd.o(.text)
    FSMC_IRQHandler                          0x0800034f   Thumb Code     0  startup_stm32f10x_hd.o(.text)
    I2C1_ER_IRQHandler                       0x0800034f   Thumb Code     0  startup_stm32f10x_hd.o(.text)
    I2C1_EV_IRQHandler                       0x0800034f   Thumb Code     0  startup_stm32f10x_hd.o(.text)
    I2C2_ER_IRQHandler                       0x0800034f   Thumb Code     0  startup_stm32f10x_hd.o(.text)
    I2C2_EV_IRQHandler                       0x0800034f   Thumb Code     0  startup_stm32f10x_hd.o(.text)
    PVD_IRQHandler                           0x0800034f   Thumb Code     0  startup_stm32f10x_hd.o(.text)
    RCC_IRQHandler                           0x0800034f   Thumb Code     0  startup_stm32f10x_hd.o(.text)
    RTCAlarm_IRQHandler                      0x0800034f   Thumb Code     0  startup_stm32f10x_hd.o(.text)
    RTC_IRQHandler                           0x0800034f   Thumb Code     0  startup_stm32f10x_hd.o(.text)
    SDIO_IRQHandler                          0x0800034f   Thumb Code     0  startup_stm32f10x_hd.o(.text)
    SPI1_IRQHandler                          0x0800034f   Thumb Code     0  startup_stm32f10x_hd.o(.text)
    SPI2_IRQHandler                          0x0800034f   Thumb Code     0  startup_stm32f10x_hd.o(.text)
    SPI3_IRQHandler                          0x0800034f   Thumb Code     0  startup_stm32f10x_hd.o(.text)
    TAMPER_IRQHandler                        0x0800034f   Thumb Code     0  startup_stm32f10x_hd.o(.text)
    TIM1_BRK_IRQHandler                      0x0800034f   Thumb Code     0  startup_stm32f10x_hd.o(.text)
    TIM1_CC_IRQHandler                       0x0800034f   Thumb Code     0  startup_stm32f10x_hd.o(.text)
    TIM1_TRG_COM_IRQHandler                  0x0800034f   Thumb Code     0  startup_stm32f10x_hd.o(.text)
    TIM1_UP_IRQHandler                       0x0800034f   Thumb Code     0  startup_stm32f10x_hd.o(.text)
    TIM2_IRQHandler                          0x0800034f   Thumb Code     0  startup_stm32f10x_hd.o(.text)
    TIM3_IRQHandler                          0x0800034f   Thumb Code     0  startup_stm32f10x_hd.o(.text)
    TIM4_IRQHandler                          0x0800034f   Thumb Code     0  startup_stm32f10x_hd.o(.text)
    TIM5_IRQHandler                          0x0800034f   Thumb Code     0  startup_stm32f10x_hd.o(.text)
    TIM6_IRQHandler                          0x0800034f   Thumb Code     0  startup_stm32f10x_hd.o(.text)
    TIM7_IRQHandler                          0x0800034f   Thumb Code     0  startup_stm32f10x_hd.o(.text)
    TIM8_BRK_IRQHandler                      0x0800034f   Thumb Code     0  startup_stm32f10x_hd.o(.text)
    TIM8_CC_IRQHandler                       0x0800034f   Thumb Code     0  startup_stm32f10x_hd.o(.text)
    TIM8_TRG_COM_IRQHandler                  0x0800034f   Thumb Code     0  startup_stm32f10x_hd.o(.text)
    TIM8_UP_IRQHandler                       0x0800034f   Thumb Code     0  startup_stm32f10x_hd.o(.text)
    USBWakeUp_IRQHandler                     0x0800034f   Thumb Code     0  startup_stm32f10x_hd.o(.text)
    USB_HP_CAN1_TX_IRQHandler                0x0800034f   Thumb Code     0  startup_stm32f10x_hd.o(.text)
    USB_LP_CAN1_RX0_IRQHandler               0x0800034f   Thumb Code     0  startup_stm32f10x_hd.o(.text)
    WWDG_IRQHandler                          0x0800034f   Thumb Code     0  startup_stm32f10x_hd.o(.text)
    __user_initial_stackheap                 0x08000351   Thumb Code     0  startup_stm32f10x_hd.o(.text)
    __user_libspace                          0x08000375   Thumb Code     8  libspace.o(.text)
    __user_perproc_libspace                  0x08000375   Thumb Code     0  libspace.o(.text)
    __aeabi_uldivmod                         0x0800037d   Thumb Code     0  lludivv7m.o(.text)
    _ll_udiv                                 0x0800037d   Thumb Code   238  lludivv7m.o(.text)
    __2sprintf                               0x0800046d   Thumb Code    34  noretval__2sprintf.o(.text)
    __2snprintf                              0x08000495   Thumb Code    48  noretval__2snprintf.o(.text)
    _printf_pre_padding                      0x080004c9   Thumb Code    44  _printf_pad.o(.text)
    _printf_post_padding                     0x080004f5   Thumb Code    34  _printf_pad.o(.text)
    _printf_str                              0x08000517   Thumb Code    82  _printf_str.o(.text)
    _printf_int_dec                          0x08000569   Thumb Code   104  _printf_dec.o(.text)
    _printf_int_hex                          0x080005e1   Thumb Code    84  _printf_hex_int.o(.text)
    _printf_longlong_hex                     0x080005e1   Thumb Code     0  _printf_hex_int.o(.text)
    __printf                                 0x08000639   Thumb Code   308  __printf_flags_wp.o(.text)
    exit                                     0x08000771   Thumb Code    18  exit.o(.text)
    memcmp                                   0x08000783   Thumb Code    88  memcmp.o(.text)
    strlen                                   0x080007db   Thumb Code    62  strlen.o(.text)
    __aeabi_memcpy                           0x08000819   Thumb Code     0  rt_memcpy_v6.o(.text)
    __rt_memcpy                              0x08000819   Thumb Code   138  rt_memcpy_v6.o(.text)
    _memcpy_lastbytes                        0x0800087f   Thumb Code     0  rt_memcpy_v6.o(.text)
    __aeabi_memcpy4                          0x080008a3   Thumb Code     0  rt_memcpy_w.o(.text)
    __aeabi_memcpy8                          0x080008a3   Thumb Code     0  rt_memcpy_w.o(.text)
    __rt_memcpy_w                            0x080008a3   Thumb Code   100  rt_memcpy_w.o(.text)
    _memcpy_lastbytes_aligned                0x080008eb   Thumb Code     0  rt_memcpy_w.o(.text)
    __aeabi_memclr                           0x08000907   Thumb Code     0  rt_memclr.o(.text)
    __rt_memclr                              0x08000907   Thumb Code    68  rt_memclr.o(.text)
    _memset                                  0x0800090b   Thumb Code     0  rt_memclr.o(.text)
    __aeabi_memclr4                          0x0800094b   Thumb Code     0  rt_memclr_w.o(.text)
    __aeabi_memclr8                          0x0800094b   Thumb Code     0  rt_memclr_w.o(.text)
    __rt_memclr_w                            0x0800094b   Thumb Code    78  rt_memclr_w.o(.text)
    _memset_w                                0x0800094f   Thumb Code     0  rt_memclr_w.o(.text)
    __use_two_region_memory                  0x08000999   Thumb Code     2  heapauxi.o(.text)
    __rt_heap_escrow$2region                 0x0800099b   Thumb Code     2  heapauxi.o(.text)
    __rt_heap_expand$2region                 0x0800099d   Thumb Code     2  heapauxi.o(.text)
    _printf_int_common                       0x0800099f   Thumb Code   178  _printf_intcommon.o(.text)
    _printf_char_common                      0x08000a5b   Thumb Code    32  _printf_char_common.o(.text)
    _sputc                                   0x08000a81   Thumb Code    10  _sputc.o(.text)
    _snputc                                  0x08000a8b   Thumb Code    16  _snputc.o(.text)
    _printf_cs_common                        0x08000a9b   Thumb Code    20  _printf_char.o(.text)
    _printf_char                             0x08000aaf   Thumb Code    16  _printf_char.o(.text)
    _printf_string                           0x08000abf   Thumb Code     8  _printf_char.o(.text)
    _sys_exit                                0x08000ac9   Thumb Code     8  sys_exit.o(.text)
    __user_setup_stackheap                   0x08000ad5   Thumb Code    74  sys_stackheap_outer.o(.text)
    __I$use$semihosting                      0x08000b1f   Thumb Code     0  use_no_semi.o(.text)
    __use_no_semihosting_swi                 0x08000b1f   Thumb Code     2  use_no_semi.o(.text)
    SVC_Count                                0x08000b20   Data           4  svc_table.o(SVC_TABLE)
    __semihosting_library_function           0x08000b21   Thumb Code     0  indicate_semi.o(.text)
    Backlight_Init                           0x08000b25   Thumb Code    46  lcd_1.44.o(i.Backlight_Init)
    SVC_Table                                0x08000b24   Data           0  svc_table.o(SVC_TABLE)
    DMA1_Channel1_Event                      0x08000b5d   Thumb Code     2  dma_stm32f10x.o(i.DMA1_Channel1_Event)
    DMA1_Channel1_IRQHandler                 0x08000b61   Thumb Code    22  dma_stm32f10x.o(i.DMA1_Channel1_IRQHandler)
    DMA1_Channel2_Event                      0x08000b7d   Thumb Code     2  dma_stm32f10x.o(i.DMA1_Channel2_Event)
    DMA1_Channel2_IRQHandler                 0x08000b81   Thumb Code    24  dma_stm32f10x.o(i.DMA1_Channel2_IRQHandler)
    DMA1_Channel3_Event                      0x08000b9d   Thumb Code     2  dma_stm32f10x.o(i.DMA1_Channel3_Event)
    DMA1_Channel3_IRQHandler                 0x08000ba1   Thumb Code    24  dma_stm32f10x.o(i.DMA1_Channel3_IRQHandler)
    DMA1_Channel4_Event                      0x08000bbd   Thumb Code     2  dma_stm32f10x.o(i.DMA1_Channel4_Event)
    DMA1_Channel4_IRQHandler                 0x08000bc1   Thumb Code    24  dma_stm32f10x.o(i.DMA1_Channel4_IRQHandler)
    DMA1_Channel5_Event                      0x08000bdd   Thumb Code     2  dma_stm32f10x.o(i.DMA1_Channel5_Event)
    DMA1_Channel5_IRQHandler                 0x08000be1   Thumb Code    24  dma_stm32f10x.o(i.DMA1_Channel5_IRQHandler)
    DMA1_Channel6_Event                      0x08000bfd   Thumb Code     2  dma_stm32f10x.o(i.DMA1_Channel6_Event)
    DMA1_Channel6_IRQHandler                 0x08000c01   Thumb Code    24  dma_stm32f10x.o(i.DMA1_Channel6_IRQHandler)
    DMA1_Channel7_Event                      0x08000c1d   Thumb Code     2  dma_stm32f10x.o(i.DMA1_Channel7_Event)
    DMA1_Channel7_IRQHandler                 0x08000c21   Thumb Code    24  dma_stm32f10x.o(i.DMA1_Channel7_IRQHandler)
    DMA2_Channel1_Event                      0x08000c3d   Thumb Code     2  dma_stm32f10x.o(i.DMA2_Channel1_Event)
    DMA2_Channel1_IRQHandler                 0x08000c41   Thumb Code    24  dma_stm32f10x.o(i.DMA2_Channel1_IRQHandler)
    DMA2_Channel2_Event                      0x08000c5d   Thumb Code     2  dma_stm32f10x.o(i.DMA2_Channel2_Event)
    DMA2_Channel2_IRQHandler                 0x08000c61   Thumb Code    26  dma_stm32f10x.o(i.DMA2_Channel2_IRQHandler)
    DMA2_Channel3_Event                      0x08000c81   Thumb Code     2  dma_stm32f10x.o(i.DMA2_Channel3_Event)
    DMA2_Channel3_IRQHandler                 0x08000c85   Thumb Code    26  dma_stm32f10x.o(i.DMA2_Channel3_IRQHandler)
    DMA2_Channel4_5_IRQHandler               0x08000ca5   Thumb Code    52  dma_stm32f10x.o(i.DMA2_Channel4_5_IRQHandler)
    DMA2_Channel4_Event                      0x08000cdd   Thumb Code     2  dma_stm32f10x.o(i.DMA2_Channel4_Event)
    DMA2_Channel5_Event                      0x08000cdf   Thumb Code     2  dma_stm32f10x.o(i.DMA2_Channel5_Event)
    GPIO_AFConfigure                         0x08000ce1   Thumb Code   146  gpio_stm32f10x.o(i.GPIO_AFConfigure)
    GPIO_GetPortClockState                   0x08000d7d   Thumb Code   118  gpio_stm32f10x.o(i.GPIO_GetPortClockState)
    GPIO_Init                                0x08000e15   Thumb Code   278  stm32f10x_gpio.o(i.GPIO_Init)
    GPIO_PinConfigure                        0x08000f2b   Thumb Code   120  gpio_stm32f10x.o(i.GPIO_PinConfigure)
    GPIO_PinRemapConfig                      0x08000fa5   Thumb Code   138  stm32f10x_gpio.o(i.GPIO_PinRemapConfig)
    GPIO_PortClock                           0x08001035   Thumb Code   284  gpio_stm32f10x.o(i.GPIO_PortClock)
    LCD144Disp_Active                        0x08001171   Thumb Code    40  lcd_1.44.o(i.LCD144Disp_Active)
    LCD144Disp_Thread                        0x080011a5   Thumb Code     2  lcd_1.44.o(i.LCD144Disp_Thread)
    LCD144GUI_DrawFont16                     0x080011a9   Thumb Code   252  gui_1.44.o(i.LCD144GUI_DrawFont16)
    LCD144GUI_DrawFont24                     0x080012b1   Thumb Code   268  gui_1.44.o(i.LCD144GUI_DrawFont24)
    LCD144GUI_DrawFont32                     0x080013c9   Thumb Code   252  gui_1.44.o(i.LCD144GUI_DrawFont32)
    LCD144Test_Thread                        0x080014d1   Thumb Code   274  lcd_1.44.o(i.LCD144Test_Thread)
    LCD144_Init                              0x08001645   Thumb Code   422  lcd_1.44.o(i.LCD144_Init)
    LCD_1_44_Clear                           0x080017ed   Thumb Code    68  lcd_1.44.o(i.LCD_1_44_Clear)
    LCD_1_44_DrawPoint                       0x08001835   Thumb Code    24  lcd_1.44.o(i.LCD_1_44_DrawPoint)
    LCD_1_44_RESET                           0x08001851   Thumb Code    28  lcd_1.44.o(i.LCD_1_44_RESET)
    LCD_1_44_SetCursor                       0x08001871   Thumb Code    20  lcd_1.44.o(i.LCD_1_44_SetCursor)
    LCD_1_44_SetParam                        0x08001885   Thumb Code    38  lcd_1.44.o(i.LCD_1_44_SetParam)
    LCD_1_44_SetWindows                      0x080018b1   Thumb Code    80  lcd_1.44.o(i.LCD_1_44_SetWindows)
    LCD_1_44_ShowChar                        0x08001905   Thumb Code   280  gui_1.44.o(i.LCD_1_44_ShowChar)
    LCD_1_44_ShowNum2412                     0x08001a2d   Thumb Code   232  gui_1.44.o(i.LCD_1_44_ShowNum2412)
    LCD_1_44_WR_DATA                         0x08001b21   Thumb Code    38  lcd_1.44.o(i.LCD_1_44_WR_DATA)
    LCD_1_44_WR_DATA_16Bit                   0x08001b55   Thumb Code    46  lcd_1.44.o(i.LCD_1_44_WR_DATA_16Bit)
    LCD_1_44_WR_REG                          0x08001b91   Thumb Code    38  lcd_1.44.o(i.LCD_1_44_WR_REG)
    LCD_1_44_WriteRAM_Prepare                0x08001bc5   Thumb Code    12  lcd_1.44.o(i.LCD_1_44_WriteRAM_Prepare)
    LCD_1_44_WriteReg                        0x08001bd5   Thumb Code    20  lcd_1.44.o(i.LCD_1_44_WriteReg)
    RCC_APB1PeriphClockCmd                   0x08001be9   Thumb Code    26  stm32f10x_rcc.o(i.RCC_APB1PeriphClockCmd)
    RCC_APB2PeriphClockCmd                   0x08001c09   Thumb Code    26  stm32f10x_rcc.o(i.RCC_APB2PeriphClockCmd)
    SPI2_Init                                0x08001c29   Thumb Code   176  lcd_1.44.o(i.SPI2_Init)
    SPI_Cmd                                  0x08001ce5   Thumb Code    24  stm32f10x_spi.o(i.SPI_Cmd)
    SPI_Init                                 0x08001cfd   Thumb Code    60  stm32f10x_spi.o(i.SPI_Init)
    SPI_WriteByte                            0x08001d39   Thumb Code    34  lcd_1.44.o(i.SPI_WriteByte)
    Show_Str                                 0x08001e45   Thumb Code   268  gui_1.44.o(i.Show_Str)
    SystemInit                               0x08001f55   Thumb Code    78  system_stm32f10x.o(i.SystemInit)
    TimerBL_Callback                         0x08001fb5   Thumb Code    26  lcd_1.44.o(i.TimerBL_Callback)
    TimerZigbDevManage_Callback              0x08001fd9   Thumb Code   122  uart_datatransfer.o(i.TimerZigbDevManage_Callback)
    UART4_IRQHandler                         0x0800205d   Thumb Code    10  usart_stm32f10x.o(i.UART4_IRQHandler)
    UART5_IRQHandler                         0x0800206d   Thumb Code    10  usart_stm32f10x.o(i.UART5_IRQHandler)
    USART1_DbugP1_Init                       0x08002095   Thumb Code    62  uart_datatransfer.o(i.USART1_DbugP1_Init)
    USART1_IRQHandler                        0x08002149   Thumb Code    10  usart_stm32f10x.o(i.USART1_IRQHandler)
    USART1_callback                          0x080021f1   Thumb Code     2  uart_datatransfer.o(i.USART1_callback)
    USART2_DbugP2_Init                       0x0800220d   Thumb Code    98  uart_datatransfer.o(i.USART2_DbugP2_Init)
    USART2_IRQHandler                        0x080022e9   Thumb Code    10  usart_stm32f10x.o(i.USART2_IRQHandler)
    USART2_callback                          0x08002391   Thumb Code     2  uart_datatransfer.o(i.USART2_callback)
    USART3_DataTransP1_Init                  0x080023ad   Thumb Code   176  uart_datatransfer.o(i.USART3_DataTransP1_Init)
    USART3_IRQHandler                        0x080024e5   Thumb Code    10  usart_stm32f10x.o(i.USART3_IRQHandler)
    USART3_callback                          0x0800258d   Thumb Code     2  uart_datatransfer.o(i.USART3_callback)
    USART4_DataTransP2_Init                  0x080025a9   Thumb Code   102  uart_datatransfer.o(i.USART4_DataTransP2_Init)
    USART4_callback                          0x08002729   Thumb Code     2  uart_datatransfer.o(i.USART4_callback)
    USART5_DataTransP3_Init                  0x08002745   Thumb Code   104  uart_datatransfer.o(i.USART5_DataTransP3_Init)
    USART5_callback                          0x080028c5   Thumb Code     2  uart_datatransfer.o(i.USART5_callback)
    USART_IRQHandler                         0x08003263   Thumb Code   624  usart_stm32f10x.o(i.USART_IRQHandler)
    WIFI_CONNECT_DETECT                      0x08003b21   Thumb Code   226  uart_datatransfer.o(i.WIFI_CONNECT_DETECT)
    WIFI_Init                                0x08003c39   Thumb Code   238  uart_datatransfer.o(i.WIFI_Init)
    WIFI_TXFrameLoad                         0x08003d59   Thumb Code   124  uart_datatransfer.o(i.WIFI_TXFrameLoad)
    WIFI_datsRX                              0x08003dd5   Thumb Code   428  uart_datatransfer.o(i.WIFI_datsRX)
    WIFI_datsTX                              0x08003f9d   Thumb Code   470  uart_datatransfer.o(i.WIFI_datsTX)
    WIFI_mainThread                          0x080041c9   Thumb Code   788  uart_datatransfer.o(i.WIFI_mainThread)
    XOR_CHECK                                0x0800459d   Thumb Code    28  uart_datatransfer.o(i.XOR_CHECK)
    ZigB_Init                                0x080045b9   Thumb Code   294  uart_datatransfer.o(i.ZigB_Init)
    ZigB_TXFrameLoad                         0x080046e5   Thumb Code   124  uart_datatransfer.o(i.ZigB_TXFrameLoad)
    ZigB_datsRX                              0x08004761   Thumb Code   382  uart_datatransfer.o(i.ZigB_datsRX)
    ZigB_datsTX                              0x080048fd   Thumb Code   310  uart_datatransfer.o(i.ZigB_datsTX)
    ZigB_mainThread                          0x08004a45   Thumb Code   854  uart_datatransfer.o(i.ZigB_mainThread)
    ZigBdevDispList                          0x08004e49   Thumb Code    56  uart_datatransfer.o(i.ZigBdevDispList)
    _init_box                                0x08004e81   Thumb Code    70  rt_membox.o(i._init_box)
    _is_digit                                0x08004ec7   Thumb Code    14  __printf_wp.o(i._is_digit)
    _mutex_acquire                           0x08004ed5   Thumb Code    22  rtx_conf_cm.o(i._mutex_acquire)
    _mutex_release                           0x08004ef5   Thumb Code    18  rtx_conf_cm.o(i._mutex_release)
    com1DbugP1_Thread                        0x08004f11   Thumb Code    10  uart_datatransfer.o(i.com1DbugP1_Thread)
    com2DbugP2_Thread                        0x08004f1b   Thumb Code    10  uart_datatransfer.o(i.com2DbugP2_Thread)
    com3DataTransP1_Thread                   0x08004f25   Thumb Code    10  uart_datatransfer.o(i.com3DataTransP1_Thread)
    com4DataTransP2_Thread                   0x08004f2f   Thumb Code     6  uart_datatransfer.o(i.com4DataTransP2_Thread)
    com5DataTransP3_Thread                   0x08004f35   Thumb Code     6  uart_datatransfer.o(i.com5DataTransP3_Thread)
    communicationActive                      0x08004f3d   Thumb Code   118  uart_datatransfer.o(i.communicationActive)
    dbg_init                                 0x08004fdd   Thumb Code    34  hal_cm.o(i.dbg_init)
    dbg_task_notify                          0x0800500d   Thumb Code    32  hal_cm.o(i.dbg_task_notify)
    dbg_task_switch                          0x0800502d   Thumb Code    16  hal_cm.o(i.dbg_task_switch)
    isrMessageGet                            0x0800503d   Thumb Code    42  rt_cmsis.o(i.isrMessageGet)
    isrMessagePut                            0x08005067   Thumb Code    44  rt_cmsis.o(i.isrMessagePut)
    isr_mbx_receive                          0x08005095   Thumb Code    86  rt_mailbox.o(i.isr_mbx_receive)
    isr_mbx_send                             0x080050eb   Thumb Code    14  rt_mailbox.o(i.isr_mbx_send)
    main                                     0x080050f9   Thumb Code    56  main.o(i.main)
    memloc                                   0x08005131   Thumb Code    70  uart_datatransfer.o(i.memloc)
    memmem                                   0x08005177   Thumb Code    58  uart_datatransfer.o(i.memmem)
    msgQueueInit                             0x080051b1   Thumb Code    38  uart_datatransfer.o(i.msgQueueInit)
    osDelay                                  0x080051f1   Thumb Code    18  rt_cmsis.o(i.osDelay)
    osKernelInitialize                       0x08005209   Thumb Code    30  rt_cmsis.o(i.osKernelInitialize)
    osKernelStart                            0x0800522d   Thumb Code    98  rt_cmsis.o(i.osKernelStart)
    osMemoryInit                             0x08005299   Thumb Code    34  uart_datatransfer.o(i.osMemoryInit)
    osMessageCreate                          0x080052d5   Thumb Code    36  rt_cmsis.o(i.osMessageCreate)
    osMessageGet                             0x08005301   Thumb Code    18  rt_cmsis.o(i.osMessageGet)
    osMessagePut                             0x08005319   Thumb Code    18  rt_cmsis.o(i.osMessagePut)
    osPoolAlloc                              0x08005331   Thumb Code    26  rt_cmsis.o(i.osPoolAlloc)
    osPoolCreate                             0x08005351   Thumb Code    36  rt_cmsis.o(i.osPoolCreate)
    osPoolFree                               0x0800537d   Thumb Code    26  rt_cmsis.o(i.osPoolFree)
    osThreadCreate                           0x0800539d   Thumb Code    36  rt_cmsis.o(i.osThreadCreate)
    osThreadExit                             0x080053c9   Thumb Code    14  rt_cmsis.o(i.osThreadExit)
    osTimerCall                              0x080053e1   Thumb Code     8  rt_cmsis.o(i.osTimerCall)
    osTimerCreate                            0x080053ed   Thumb Code    36  rt_cmsis.o(i.osTimerCreate)
    osTimerStart                             0x08005419   Thumb Code    18  rt_cmsis.o(i.osTimerStart)
    osTimerThread                            0x08005431   Thumb Code    38  rt_cmsis.o(i.osTimerThread)
    os_error                                 0x0800545d   Thumb Code    34  rtx_conf_cm.o(i.os_error)
    os_idle_demon                            0x0800547f   Thumb Code     4  rtx_conf_cm.o(i.os_idle_demon)
    os_tick_init                             0x08005485   Thumb Code    32  rt_system.o(i.os_tick_init)
    os_tick_irqack                           0x080054ad   Thumb Code     2  rt_system.o(i.os_tick_irqack)
    rt_alloc_box                             0x080054af   Thumb Code    26  rt_membox.o(i.rt_alloc_box)
    rt_alloc_mem                             0x080054c9   Thumb Code    62  rt_memory.o(i.rt_alloc_mem)
    rt_block                                 0x08005509   Thumb Code    48  rt_task.o(i.rt_block)
    rt_chk_robin                             0x08005541   Thumb Code    60  rt_robin.o(i.rt_chk_robin)
    rt_dec_dly                               0x08005589   Thumb Code   102  rt_list.o(i.rt_dec_dly)
    rt_dispatch                              0x080055f9   Thumb Code    60  rt_task.o(i.rt_dispatch)
    rt_dly_wait                              0x0800563d   Thumb Code     6  rt_time.o(i.rt_dly_wait)
    rt_evt_psh                               0x08005645   Thumb Code    76  rt_event.o(i.rt_evt_psh)
    rt_free_box                              0x08005695   Thumb Code    44  rt_membox.o(i.rt_free_box)
    rt_free_mem                              0x080056c1   Thumb Code    40  rt_memory.o(i.rt_free_mem)
    rt_get_first                             0x080056e9   Thumb Code    40  rt_list.o(i.rt_get_first)
    rt_init_mem                              0x08005761   Thumb Code    26  rt_memory.o(i.rt_init_mem)
    rt_init_robin                            0x0800577d   Thumb Code    14  rt_robin.o(i.rt_init_robin)
    rt_init_stack                            0x08005795   Thumb Code   118  hal_cm.o(i.rt_init_stack)
    rt_mbx_check                             0x08005815   Thumb Code     8  rt_mailbox.o(i.rt_mbx_check)
    rt_mbx_init                              0x0800581d   Thumb Code    26  rt_mailbox.o(i.rt_mbx_init)
    rt_mbx_psh                               0x08005839   Thumb Code   236  rt_mailbox.o(i.rt_mbx_psh)
    rt_mbx_send                              0x08005929   Thumb Code   148  rt_mailbox.o(i.rt_mbx_send)
    rt_mbx_wait                              0x080059c1   Thumb Code   174  rt_mailbox.o(i.rt_mbx_wait)
    rt_mut_release                           0x08005ab9   Thumb Code   208  rt_mutex.o(i.rt_mut_release)
    rt_mut_wait                              0x08005b91   Thumb Code   114  rt_mutex.o(i.rt_mut_wait)
    rt_pop_req                               0x08005c09   Thumb Code   112  rt_system.o(i.rt_pop_req)
    rt_psh_req                               0x08005c85   Thumb Code    22  rt_system.o(i.rt_psh_req)
    rt_psq_enq                               0x08005ca5   Thumb Code    88  rt_list.o(i.rt_psq_enq)
    rt_put_dly                               0x08005d01   Thumb Code    68  rt_list.o(i.rt_put_dly)
    rt_put_prio                              0x08005d49   Thumb Code    54  rt_list.o(i.rt_put_prio)
    rt_put_rdy_first                         0x08005d81   Thumb Code    14  rt_list.o(i.rt_put_rdy_first)
    rt_resort_prio                           0x08005d95   Thumb Code    46  rt_list.o(i.rt_resort_prio)
    rt_ret_val                               0x08005dc9   Thumb Code     6  hal_cm.o(i.rt_ret_val)
    rt_ret_val2                              0x08005dcf   Thumb Code     8  hal_cm.o(i.rt_ret_val2)
    rt_rmv_dly                               0x08005dd7   Thumb Code    40  rt_list.o(i.rt_rmv_dly)
    rt_rmv_list                              0x08005e01   Thumb Code    44  rt_list.o(i.rt_rmv_list)
    rt_sem_psh                               0x08005e31   Thumb Code    48  rt_semaphore.o(i.rt_sem_psh)
    rt_stk_check                             0x08005e65   Thumb Code    28  rt_system.o(i.rt_stk_check)
    rt_switch_req                            0x08005e89   Thumb Code    30  rt_task.o(i.rt_switch_req)
    rt_sys_init                              0x08005eb1   Thumb Code   138  rt_task.o(i.rt_sys_init)
    rt_sys_start                             0x08005f7d   Thumb Code   110  rt_task.o(i.rt_sys_start)
    rt_systick                               0x08005ff5   Thumb Code    50  rt_system.o(i.rt_systick)
    rt_tsk_create                            0x080060b9   Thumb Code   118  rt_task.o(i.rt_tsk_create)
    rt_tsk_delete                            0x08006141   Thumb Code   352  rt_task.o(i.rt_tsk_delete)
    rt_tsk_prio                              0x080062bd   Thumb Code   108  rt_task.o(i.rt_tsk_prio)
    rt_tsk_self                              0x08006339   Thumb Code    12  rt_task.o(i.rt_tsk_self)
    strloc                                   0x08006349   Thumb Code    76  uart_datatransfer.o(i.strloc)
    svcDelay                                 0x08006395   Thumb Code    18  rt_cmsis.o(i.svcDelay)
    svcKernelInitialize                      0x080063a9   Thumb Code    80  rt_cmsis.o(i.svcKernelInitialize)
    svcKernelStart                           0x08006419   Thumb Code    62  rt_cmsis.o(i.svcKernelStart)
    svcMessageCreate                         0x08006461   Thumb Code    36  rt_cmsis.o(i.svcMessageCreate)
    svcMessageGet                            0x08006485   Thumb Code    58  rt_cmsis.o(i.svcMessageGet)
    svcMessagePut                            0x080064bf   Thumb Code    54  rt_cmsis.o(i.svcMessagePut)
    svcPoolCreate                            0x080064f5   Thumb Code    40  rt_cmsis.o(i.svcPoolCreate)
    svcThreadCreate                          0x0800651d   Thumb Code    96  rt_cmsis.o(i.svcThreadCreate)
    svcThreadGetId                           0x08006589   Thumb Code    22  rt_cmsis.o(i.svcThreadGetId)
    svcThreadTerminate                       0x080065a5   Thumb Code    50  rt_cmsis.o(i.svcThreadTerminate)
    svcTimerCall                             0x080065dd   Thumb Code    24  rt_cmsis.o(i.svcTimerCall)
    svcTimerCreate                           0x080065f5   Thumb Code    52  rt_cmsis.o(i.svcTimerCreate)
    svcTimerStart                            0x0800662d   Thumb Code    96  rt_cmsis.o(i.svcTimerStart)
    sysPoolAlloc                             0x08006691   Thumb Code    10  rt_cmsis.o(i.sysPoolAlloc)
    sysPoolFree                              0x0800669b   Thumb Code    20  rt_cmsis.o(i.sysPoolFree)
    sysTimerTick                             0x080066b1   Thumb Code    84  rt_cmsis.o(i.sysTimerTick)
    wifi_ATCMD_INPUT                         0x0800670d   Thumb Code   214  uart_datatransfer.o(i.wifi_ATCMD_INPUT)
    zigbDev_chatLenDectect                   0x080067fd   Thumb Code    24  uart_datatransfer.o(i.zigbDev_chatLenDectect)
    zigbDev_delSame                          0x08006815   Thumb Code    80  uart_datatransfer.o(i.zigbDev_delSame)
    zigbDev_eptCreat                         0x08006869   Thumb Code    80  uart_datatransfer.o(i.zigbDev_eptCreat)
    zigbDev_eptPutout_BYnwk                  0x080068bd   Thumb Code    98  uart_datatransfer.o(i.zigbDev_eptPutout_BYnwk)
    zigbDev_eptPutout_BYpsy                  0x08006925   Thumb Code   112  uart_datatransfer.o(i.zigbDev_eptPutout_BYpsy)
    zigbDev_eptRemove_BYnwk                  0x08006999   Thumb Code    60  uart_datatransfer.o(i.zigbDev_eptRemove_BYnwk)
    zigb_VALIDA_INPUT                        0x080069d9   Thumb Code   222  uart_datatransfer.o(i.zigb_VALIDA_INPUT)
    zigb_clusterSet                          0x08006acd   Thumb Code   102  uart_datatransfer.o(i.zigb_clusterSet)
    os_thread_def_com1DbugP1_Thread          0x08006b38   Data          16  uart_datatransfer.o(.constdata)
    os_thread_def_com2DbugP2_Thread          0x08006b48   Data          16  uart_datatransfer.o(.constdata)
    os_thread_def_com3DataTransP1_Thread     0x08006b58   Data          16  uart_datatransfer.o(.constdata)
    os_thread_def_com4DataTransP2_Thread     0x08006b68   Data          16  uart_datatransfer.o(.constdata)
    os_thread_def_com5DataTransP3_Thread     0x08006b78   Data          16  uart_datatransfer.o(.constdata)
    os_timer_def_TimerZigbDevManage          0x08006b88   Data           8  uart_datatransfer.o(.constdata)
    os_pool_def_datsZigbTrans_pool           0x08006b90   Data          12  uart_datatransfer.o(.constdata)
    os_pool_def_nwkZigbDevStateAttr_pool     0x08006b9c   Data          12  uart_datatransfer.o(.constdata)
    os_pool_def_datsWIFITrans_pool           0x08006ba8   Data          12  uart_datatransfer.o(.constdata)
    os_pool_def_threadDatsPass_pool          0x08006bb4   Data          12  uart_datatransfer.o(.constdata)
    os_messageQ_def_MsgBox_threadDP_Z2W      0x08006bc0   Data           8  uart_datatransfer.o(.constdata)
    os_messageQ_def_MsgBox_threadDP_W2Z      0x08006bc8   Data           8  uart_datatransfer.o(.constdata)
    LCD144asc2_1206                          0x0800777c   Data        1140  gui_1.44.o(.constdata)
    LCD144asc2_1608                          0x08007bf0   Data        1520  gui_1.44.o(.constdata)
    LCD144asc2_2412                          0x080081e0   Data         624  gui_1.44.o(.constdata)
    tfont16                                  0x08008450   Data         238  gui_1.44.o(.constdata)
    tfont24                                  0x0800853e   Data       11322  gui_1.44.o(.constdata)
    tfont32                                  0x0800b178   Data         130  gui_1.44.o(.constdata)
    os_thread_def_LCD144Disp_Thread          0x0800b1fc   Data          16  lcd_1.44.o(.constdata)
    os_thread_def_LCD144Test_Thread          0x0800b20c   Data          16  lcd_1.44.o(.constdata)
    os_timer_def_TimerBL                     0x0800b21c   Data           8  lcd_1.44.o(.constdata)
    os_maxtaskrun                            0x0800b224   Data           2  rtx_conf_cm.o(.constdata)
    os_stackinfo                             0x0800b228   Data           4  rtx_conf_cm.o(.constdata)
    os_rrobin                                0x0800b22c   Data           4  rtx_conf_cm.o(.constdata)
    os_tickfreq                              0x0800b230   Data           4  rtx_conf_cm.o(.constdata)
    os_tickus_i                              0x0800b234   Data           2  rtx_conf_cm.o(.constdata)
    os_tickus_f                              0x0800b236   Data           2  rtx_conf_cm.o(.constdata)
    os_trv                                   0x0800b238   Data           4  rtx_conf_cm.o(.constdata)
    os_flags                                 0x0800b23c   Data           1  rtx_conf_cm.o(.constdata)
    CMSIS_RTOS_API_Version                   0x0800b240   Data           4  rtx_conf_cm.o(.constdata)
    CMSIS_RTOS_RTX_Version                   0x0800b244   Data           4  rtx_conf_cm.o(.constdata)
    os_clockrate                             0x0800b248   Data           4  rtx_conf_cm.o(.constdata)
    os_timernum                              0x0800b24c   Data           4  rtx_conf_cm.o(.constdata)
    mp_tcb_size                              0x0800b250   Data           2  rtx_conf_cm.o(.constdata)
    mp_stk_size                              0x0800b254   Data           4  rtx_conf_cm.o(.constdata)
    os_stack_sz                              0x0800b258   Data           4  rtx_conf_cm.o(.constdata)
    os_fifo_size                             0x0800b25c   Data           1  rtx_conf_cm.o(.constdata)
    os_thread_def_osTimerThread              0x0800b260   Data          16  rtx_conf_cm.o(.constdata)
    os_messageQ_def_osTimerMessageQ          0x0800b270   Data           8  rtx_conf_cm.o(.constdata)
    mp_tmr_size                              0x0800b278   Data           2  rtx_conf_cm.o(.constdata)
    os_thread_def_main                       0x0800b27c   Data          16  rtx_conf_cm.o(.constdata)
    Driver_USART1                            0x0800b3f8   Data          56  usart_stm32f10x.o(.constdata)
    Driver_USART2                            0x0800b430   Data          56  usart_stm32f10x.o(.constdata)
    Driver_USART3                            0x0800b468   Data          56  usart_stm32f10x.o(.constdata)
    Driver_USART4                            0x0800b4a0   Data          56  usart_stm32f10x.o(.constdata)
    Driver_USART5                            0x0800b4d8   Data          56  usart_stm32f10x.o(.constdata)
    Region$$Table$$Base                      0x0800b764   Number         0  anon$$obj.o(Region$$Table)
    Region$$Table$$Limit                     0x0800b784   Number         0  anon$$obj.o(Region$$Table)
    tid_com1DbugP1_Thread                    0x20000000   Data           4  uart_datatransfer.o(.data)
    tid_com2DbugP2_Thread                    0x20000004   Data           4  uart_datatransfer.o(.data)
    tid_com3DataTransP1_Thread               0x20000008   Data           4  uart_datatransfer.o(.data)
    tid_com4DataTransP2_Thread               0x2000000c   Data           4  uart_datatransfer.o(.data)
    tid_com5DataTransP3_Thread               0x20000010   Data           4  uart_datatransfer.o(.data)
    ZigbTrans_poolAttr_id                    0x20000014   Data           4  uart_datatransfer.o(.data)
    ZigbnwkState_poolAttr_id                 0x20000018   Data           4  uart_datatransfer.o(.data)
    WIFITrans_poolAttr_id                    0x2000001c   Data           4  uart_datatransfer.o(.data)
    threadDP_poolAttr_id                     0x20000020   Data           4  uart_datatransfer.o(.data)
    mqID_threadDP_Z2W                        0x20000024   Data           4  uart_datatransfer.o(.data)
    mqID_threadDP_W2Z                        0x20000028   Data           4  uart_datatransfer.o(.data)
    tid_LCD144Disp_Thread                    0x20000044   Data           4  lcd_1.44.o(.data)
    LCD144POINT_COLOR                        0x20000048   Data           2  lcd_1.44.o(.data)
    LCD144BACK_COLOR                         0x2000004a   Data           2  lcd_1.44.o(.data)
    DeviceCode                               0x2000004c   Data           2  lcd_1.44.o(.data)
    osThreadId_osTimerThread                 0x20000050   Data           4  rtx_conf_cm.o(.data)
    osMessageQId_osTimerMessageQ             0x20000054   Data           4  rtx_conf_cm.o(.data)
    os_tmr                                   0x20000058   Data           4  rtx_conf_cm.o(.data)
    m_tmr                                    0x2000005c   Data           4  rtx_conf_cm.o(.data)
    os_initialized                           0x20000064   Data           1  rt_cmsis.o(.data)
    os_running                               0x20000065   Data           1  rt_cmsis.o(.data)
    os_timer_head                            0x20000068   Data           4  rt_cmsis.o(.data)
    os_tsk                                   0x2000006c   Data           8  rt_task.o(.data)
    os_tick_irqn                             0x20000078   Data           4  rt_system.o(.data)
    os_time                                  0x2000007c   Data           4  rt_time.o(.data)
    os_robin                                 0x20000080   Data           8  rt_robin.o(.data)
    dbg_msg                                  0x20000088   Data           1  hal_cm.o(.data)
    os_timer_cb_TimerZigbDevManage           0x2000008c   Data          24  uart_datatransfer.o(.bss)
    os_pool_m_datsZigbTrans_pool             0x200000a4   Data         572  uart_datatransfer.o(.bss)
    os_pool_m_nwkZigbDevStateAttr_pool       0x200002e0   Data         396  uart_datatransfer.o(.bss)
    os_pool_m_datsWIFITrans_pool             0x2000046c   Data         552  uart_datatransfer.o(.bss)
    os_pool_m_threadDatsPass_pool            0x20000694   Data        1052  uart_datatransfer.o(.bss)
    os_messageQ_q_MsgBox_threadDP_Z2W        0x20000ab0   Data          36  uart_datatransfer.o(.bss)
    os_messageQ_q_MsgBox_threadDP_W2Z        0x20000ad4   Data          36  uart_datatransfer.o(.bss)
    lcd144dev                                0x20000af8   Data          14  lcd_1.44.o(.bss)
    os_timer_cb_TimerBL                      0x20000b08   Data          24  lcd_1.44.o(.bss)
    mp_tcb                                   0x20000b20   Data         844  rtx_conf_cm.o(.bss)
    mp_stk                                   0x20000e70   Data        1296  rtx_conf_cm.o(.bss)
    os_stack_mem                             0x20001380   Data       22128  rtx_conf_cm.o(.bss)
    os_fifo                                  0x200069f0   Data         132  rtx_conf_cm.o(.bss)
    os_active_TCB                            0x20006a74   Data          64  rtx_conf_cm.o(.bss)
    os_messageQ_q_osTimerMessageQ            0x20006ab4   Data          32  rtx_conf_cm.o(.bss)
    os_idle_TCB                              0x2000726c   Data          52  rt_task.o(.bss)
    os_rdy                                   0x200072a0   Data          24  rt_list.o(.bss)
    os_dly                                   0x200072b8   Data          24  rt_list.o(.bss)
    __libspace_start                         0x200072d0   Data          96  libspace.o(.bss)
    __temporary_stack_top$libspace           0x20007330   Data           0  libspace.o(.bss)



==============================================================================

Memory Map of the image

  Image Entry point : 0x08000131

  Load Region LR_IROM1 (Base: 0x08000000, Size: 0x0000b810, Max: 0x00040000, ABSOLUTE)

    Execution Region ER_IROM1 (Base: 0x08000000, Size: 0x0000b784, Max: 0x00040000, ABSOLUTE)

    Base Addr    Size         Type   Attr      Idx    E Section Name        Object

    0x08000000   0x00000130   Data   RO         2610    RESET               startup_stm32f10x_hd.o
    0x08000130   0x00000008   Code   RO         3953  * !!!main             c_w.l(__main.o)
    0x08000138   0x00000034   Code   RO         4127    !!!scatter          c_w.l(__scatter.o)
    0x0800016c   0x0000001a   Code   RO         4129    !!handler_copy      c_w.l(__scatter_copy.o)
    0x08000186   0x00000002   PAD
    0x08000188   0x0000001c   Code   RO         4131    !!handler_zi        c_w.l(__scatter_zi.o)
    0x080001a4   0x00000000   Code   RO         3936    .ARM.Collect$$_printf_percent$$00000000  c_w.l(_printf_percent.o)
    0x080001a4   0x00000006   Code   RO         3935    .ARM.Collect$$_printf_percent$$00000009  c_w.l(_printf_d.o)
    0x080001aa   0x00000006   Code   RO         3934    .ARM.Collect$$_printf_percent$$0000000C  c_w.l(_printf_x.o)
    0x080001b0   0x00000006   Code   RO         3933    .ARM.Collect$$_printf_percent$$00000014  c_w.l(_printf_s.o)
    0x080001b6   0x00000004   Code   RO         3972    .ARM.Collect$$_printf_percent$$00000017  c_w.l(_printf_percent_end.o)
    0x080001ba   0x00000002   Code   RO         4013    .ARM.Collect$$libinit$$00000000  c_w.l(libinit.o)
    0x080001bc   0x00000000   Code   RO         4025    .ARM.Collect$$libinit$$00000002  c_w.l(libinit2.o)
    0x080001bc   0x00000000   Code   RO         4027    .ARM.Collect$$libinit$$00000004  c_w.l(libinit2.o)
    0x080001bc   0x00000000   Code   RO         4030    .ARM.Collect$$libinit$$0000000A  c_w.l(libinit2.o)
    0x080001bc   0x00000000   Code   RO         4032    .ARM.Collect$$libinit$$0000000C  c_w.l(libinit2.o)
    0x080001bc   0x00000000   Code   RO         4034    .ARM.Collect$$libinit$$0000000E  c_w.l(libinit2.o)
    0x080001bc   0x00000000   Code   RO         4037    .ARM.Collect$$libinit$$00000011  c_w.l(libinit2.o)
    0x080001bc   0x00000000   Code   RO         4039    .ARM.Collect$$libinit$$00000013  c_w.l(libinit2.o)
    0x080001bc   0x00000000   Code   RO         4041    .ARM.Collect$$libinit$$00000015  c_w.l(libinit2.o)
    0x080001bc   0x00000000   Code   RO         4043    .ARM.Collect$$libinit$$00000017  c_w.l(libinit2.o)
    0x080001bc   0x00000000   Code   RO         4045    .ARM.Collect$$libinit$$00000019  c_w.l(libinit2.o)
    0x080001bc   0x00000000   Code   RO         4047    .ARM.Collect$$libinit$$0000001B  c_w.l(libinit2.o)
    0x080001bc   0x00000000   Code   RO         4049    .ARM.Collect$$libinit$$0000001D  c_w.l(libinit2.o)
    0x080001bc   0x00000000   Code   RO         4051    .ARM.Collect$$libinit$$0000001F  c_w.l(libinit2.o)
    0x080001bc   0x00000000   Code   RO         4053    .ARM.Collect$$libinit$$00000021  c_w.l(libinit2.o)
    0x080001bc   0x00000000   Code   RO         4055    .ARM.Collect$$libinit$$00000023  c_w.l(libinit2.o)
    0x080001bc   0x00000000   Code   RO         4057    .ARM.Collect$$libinit$$00000025  c_w.l(libinit2.o)
    0x080001bc   0x00000000   Code   RO         4061    .ARM.Collect$$libinit$$0000002C  c_w.l(libinit2.o)
    0x080001bc   0x00000000   Code   RO         4063    .ARM.Collect$$libinit$$0000002E  c_w.l(libinit2.o)
    0x080001bc   0x00000000   Code   RO         4065    .ARM.Collect$$libinit$$00000030  c_w.l(libinit2.o)
    0x080001bc   0x00000000   Code   RO         4067    .ARM.Collect$$libinit$$00000032  c_w.l(libinit2.o)
    0x080001bc   0x00000002   Code   RO         4068    .ARM.Collect$$libinit$$00000033  c_w.l(libinit2.o)
    0x080001be   0x00000002   Code   RO         4014    .ARM.Collect$$libshutdown$$00000000  c_w.l(libshutdown.o)
    0x080001c0   0x00000000   Code   RO         4070    .ARM.Collect$$libshutdown$$00000002  c_w.l(libshutdown2.o)
    0x080001c0   0x00000000   Code   RO         4072    .ARM.Collect$$libshutdown$$00000004  c_w.l(libshutdown2.o)
    0x080001c0   0x00000000   Code   RO         4075    .ARM.Collect$$libshutdown$$00000007  c_w.l(libshutdown2.o)
    0x080001c0   0x00000000   Code   RO         4078    .ARM.Collect$$libshutdown$$0000000A  c_w.l(libshutdown2.o)
    0x080001c0   0x00000000   Code   RO         4080    .ARM.Collect$$libshutdown$$0000000C  c_w.l(libshutdown2.o)
    0x080001c0   0x00000000   Code   RO         4083    .ARM.Collect$$libshutdown$$0000000F  c_w.l(libshutdown2.o)
    0x080001c0   0x00000002   Code   RO         4084    .ARM.Collect$$libshutdown$$00000010  c_w.l(libshutdown2.o)
    0x080001c2   0x00000000   Code   RO         3955    .ARM.Collect$$rtentry$$00000000  c_w.l(__rtentry.o)
    0x080001c2   0x00000000   Code   RO         3974    .ARM.Collect$$rtentry$$00000002  c_w.l(__rtentry2.o)
    0x080001c2   0x00000006   Code   RO         3986    .ARM.Collect$$rtentry$$00000004  c_w.l(__rtentry4.o)
    0x080001c8   0x00000000   Code   RO         3976    .ARM.Collect$$rtentry$$00000009  c_w.l(__rtentry2.o)
    0x080001c8   0x00000004   Code   RO         3977    .ARM.Collect$$rtentry$$0000000A  c_w.l(__rtentry2.o)
    0x080001cc   0x00000008   Code   RO         3978    .ARM.Collect$$rtentry$$0000000B  c_w.l(__rtentry2.o)
    0x080001d4   0x00000008   Code   RO         3980    .ARM.Collect$$rtentry$$0000000D  c_w.l(__rtentry2.o)
    0x080001dc   0x00000002   Code   RO         3956    .ARM.Collect$$rtexit$$00000000  c_w.l(rtexit.o)
    0x080001de   0x00000000   Code   RO         3989    .ARM.Collect$$rtexit$$00000002  c_w.l(rtexit2.o)
    0x080001de   0x00000004   Code   RO         3990    .ARM.Collect$$rtexit$$00000003  c_w.l(rtexit2.o)
    0x080001e2   0x00000006   Code   RO         3991    .ARM.Collect$$rtexit$$00000004  c_w.l(rtexit2.o)
    0x080001e8   0x0000001c   Code   RO          815    .emb_text           rtx_conf_cm.o
    0x08000204   0x00000130   Code   RO         3856    .emb_text           RTX_CM3.lib(hal_cm3.o)
    0x08000334   0x00000040   Code   RO         2611    .text               startup_stm32f10x_hd.o
    0x08000374   0x00000008   Code   RO         3871    .text               c_w.l(libspace.o)
    0x0800037c   0x000000ee   Code   RO         3874    .text               c_w.l(lludivv7m.o)
    0x0800046a   0x00000002   PAD
    0x0800046c   0x00000028   Code   RO         3880    .text               c_w.l(noretval__2sprintf.o)
    0x08000494   0x00000034   Code   RO         3882    .text               c_w.l(noretval__2snprintf.o)
    0x080004c8   0x0000004e   Code   RO         3886    .text               c_w.l(_printf_pad.o)
    0x08000516   0x00000052   Code   RO         3888    .text               c_w.l(_printf_str.o)
    0x08000568   0x00000078   Code   RO         3890    .text               c_w.l(_printf_dec.o)
    0x080005e0   0x00000058   Code   RO         3895    .text               c_w.l(_printf_hex_int.o)
    0x08000638   0x00000138   Code   RO         3925    .text               c_w.l(__printf_flags_wp.o)
    0x08000770   0x00000012   Code   RO         3937    .text               c_w.l(exit.o)
    0x08000782   0x00000058   Code   RO         3939    .text               c_w.l(memcmp.o)
    0x080007da   0x0000003e   Code   RO         3941    .text               c_w.l(strlen.o)
    0x08000818   0x0000008a   Code   RO         3943    .text               c_w.l(rt_memcpy_v6.o)
    0x080008a2   0x00000064   Code   RO         3945    .text               c_w.l(rt_memcpy_w.o)
    0x08000906   0x00000044   Code   RO         3947    .text               c_w.l(rt_memclr.o)
    0x0800094a   0x0000004e   Code   RO         3949    .text               c_w.l(rt_memclr_w.o)
    0x08000998   0x00000006   Code   RO         3951    .text               c_w.l(heapauxi.o)
    0x0800099e   0x000000b2   Code   RO         3962    .text               c_w.l(_printf_intcommon.o)
    0x08000a50   0x00000030   Code   RO         3964    .text               c_w.l(_printf_char_common.o)
    0x08000a80   0x0000000a   Code   RO         3966    .text               c_w.l(_sputc.o)
    0x08000a8a   0x00000010   Code   RO         3968    .text               c_w.l(_snputc.o)
    0x08000a9a   0x0000002c   Code   RO         3970    .text               c_w.l(_printf_char.o)
    0x08000ac6   0x00000002   PAD
    0x08000ac8   0x0000000c   Code   RO         3999    .text               c_w.l(sys_exit.o)
    0x08000ad4   0x0000004a   Code   RO         4001    .text               c_w.l(sys_stackheap_outer.o)
    0x08000b1e   0x00000002   Code   RO         4015    .text               c_w.l(use_no_semi.o)
    0x08000b20   0x00000000   Code   RO         4017    .text               c_w.l(indicate_semi.o)
    0x08000b20   0x00000004   Code   RO         3866    SVC_TABLE           RTX_CM3.lib(svc_table.o)
    0x08000b24   0x00000038   Code   RO          653    i.Backlight_Init    lcd_1.44.o
    0x08000b5c   0x00000002   Code   RO         2359    i.DMA1_Channel1_Event  dma_stm32f10x.o
    0x08000b5e   0x00000002   PAD
    0x08000b60   0x0000001c   Code   RO         2360    i.DMA1_Channel1_IRQHandler  dma_stm32f10x.o
    0x08000b7c   0x00000002   Code   RO         2361    i.DMA1_Channel2_Event  dma_stm32f10x.o
    0x08000b7e   0x00000002   PAD
    0x08000b80   0x0000001c   Code   RO         2362    i.DMA1_Channel2_IRQHandler  dma_stm32f10x.o
    0x08000b9c   0x00000002   Code   RO         2363    i.DMA1_Channel3_Event  dma_stm32f10x.o
    0x08000b9e   0x00000002   PAD
    0x08000ba0   0x0000001c   Code   RO         2364    i.DMA1_Channel3_IRQHandler  dma_stm32f10x.o
    0x08000bbc   0x00000002   Code   RO         2365    i.DMA1_Channel4_Event  dma_stm32f10x.o
    0x08000bbe   0x00000002   PAD
    0x08000bc0   0x0000001c   Code   RO         2366    i.DMA1_Channel4_IRQHandler  dma_stm32f10x.o
    0x08000bdc   0x00000002   Code   RO         2367    i.DMA1_Channel5_Event  dma_stm32f10x.o
    0x08000bde   0x00000002   PAD
    0x08000be0   0x0000001c   Code   RO         2368    i.DMA1_Channel5_IRQHandler  dma_stm32f10x.o
    0x08000bfc   0x00000002   Code   RO         2369    i.DMA1_Channel6_Event  dma_stm32f10x.o
    0x08000bfe   0x00000002   PAD
    0x08000c00   0x0000001c   Code   RO         2370    i.DMA1_Channel6_IRQHandler  dma_stm32f10x.o
    0x08000c1c   0x00000002   Code   RO         2371    i.DMA1_Channel7_Event  dma_stm32f10x.o
    0x08000c1e   0x00000002   PAD
    0x08000c20   0x0000001c   Code   RO         2372    i.DMA1_Channel7_IRQHandler  dma_stm32f10x.o
    0x08000c3c   0x00000002   Code   RO         2373    i.DMA2_Channel1_Event  dma_stm32f10x.o
    0x08000c3e   0x00000002   PAD
    0x08000c40   0x0000001c   Code   RO         2374    i.DMA2_Channel1_IRQHandler  dma_stm32f10x.o
    0x08000c5c   0x00000002   Code   RO         2375    i.DMA2_Channel2_Event  dma_stm32f10x.o
    0x08000c5e   0x00000002   PAD
    0x08000c60   0x00000020   Code   RO         2376    i.DMA2_Channel2_IRQHandler  dma_stm32f10x.o
    0x08000c80   0x00000002   Code   RO         2377    i.DMA2_Channel3_Event  dma_stm32f10x.o
    0x08000c82   0x00000002   PAD
    0x08000c84   0x00000020   Code   RO         2378    i.DMA2_Channel3_IRQHandler  dma_stm32f10x.o
    0x08000ca4   0x00000038   Code   RO         2379    i.DMA2_Channel4_5_IRQHandler  dma_stm32f10x.o
    0x08000cdc   0x00000002   Code   RO         2380    i.DMA2_Channel4_Event  dma_stm32f10x.o
    0x08000cde   0x00000002   Code   RO         2382    i.DMA2_Channel5_Event  dma_stm32f10x.o
    0x08000ce0   0x0000009c   Code   RO         2566    i.GPIO_AFConfigure  gpio_stm32f10x.o
    0x08000d7c   0x00000098   Code   RO         2567    i.GPIO_GetPortClockState  gpio_stm32f10x.o
    0x08000e14   0x00000116   Code   RO         1577    i.GPIO_Init         stm32f10x_gpio.o
    0x08000f2a   0x00000078   Code   RO         2568    i.GPIO_PinConfigure  gpio_stm32f10x.o
    0x08000fa2   0x00000002   PAD
    0x08000fa4   0x00000090   Code   RO         1579    i.GPIO_PinRemapConfig  stm32f10x_gpio.o
    0x08001034   0x0000013c   Code   RO         2569    i.GPIO_PortClock    gpio_stm32f10x.o
    0x08001170   0x00000034   Code   RO          654    i.LCD144Disp_Active  lcd_1.44.o
    0x080011a4   0x00000002   Code   RO          655    i.LCD144Disp_Thread  lcd_1.44.o
    0x080011a6   0x00000002   PAD
    0x080011a8   0x00000108   Code   RO          502    i.LCD144GUI_DrawFont16  gui_1.44.o
    0x080012b0   0x00000118   Code   RO          503    i.LCD144GUI_DrawFont24  gui_1.44.o
    0x080013c8   0x00000108   Code   RO          504    i.LCD144GUI_DrawFont32  gui_1.44.o
    0x080014d0   0x00000174   Code   RO          656    i.LCD144Test_Thread  lcd_1.44.o
    0x08001644   0x000001a6   Code   RO          657    i.LCD144_Init       lcd_1.44.o
    0x080017ea   0x00000002   PAD
    0x080017ec   0x00000048   Code   RO          658    i.LCD_1_44_Clear    lcd_1.44.o
    0x08001834   0x0000001c   Code   RO          660    i.LCD_1_44_DrawPoint  lcd_1.44.o
    0x08001850   0x00000020   Code   RO          662    i.LCD_1_44_RESET    lcd_1.44.o
    0x08001870   0x00000014   Code   RO          663    i.LCD_1_44_SetCursor  lcd_1.44.o
    0x08001884   0x0000002c   Code   RO          664    i.LCD_1_44_SetParam  lcd_1.44.o
    0x080018b0   0x00000054   Code   RO          665    i.LCD_1_44_SetWindows  lcd_1.44.o
    0x08001904   0x00000128   Code   RO          510    i.LCD_1_44_ShowChar  gui_1.44.o
    0x08001a2c   0x000000f4   Code   RO          512    i.LCD_1_44_ShowNum2412  gui_1.44.o
    0x08001b20   0x00000034   Code   RO          666    i.LCD_1_44_WR_DATA  lcd_1.44.o
    0x08001b54   0x0000003c   Code   RO          667    i.LCD_1_44_WR_DATA_16Bit  lcd_1.44.o
    0x08001b90   0x00000034   Code   RO          668    i.LCD_1_44_WR_REG   lcd_1.44.o
    0x08001bc4   0x00000010   Code   RO          669    i.LCD_1_44_WriteRAM_Prepare  lcd_1.44.o
    0x08001bd4   0x00000014   Code   RO          670    i.LCD_1_44_WriteReg  lcd_1.44.o
    0x08001be8   0x00000020   Code   RO         1699    i.RCC_APB1PeriphClockCmd  stm32f10x_rcc.o
    0x08001c08   0x00000020   Code   RO         1701    i.RCC_APB2PeriphClockCmd  stm32f10x_rcc.o
    0x08001c28   0x000000bc   Code   RO          671    i.SPI2_Init         lcd_1.44.o
    0x08001ce4   0x00000018   Code   RO         2016    i.SPI_Cmd           stm32f10x_spi.o
    0x08001cfc   0x0000003c   Code   RO         2029    i.SPI_Init          stm32f10x_spi.o
    0x08001d38   0x00000022   Code   RO          673    i.SPI_WriteByte     lcd_1.44.o
    0x08001d5a   0x00000008   Code   RO         2618    i.SetSysClock       system_stm32f10x.o
    0x08001d62   0x00000002   PAD
    0x08001d64   0x000000e0   Code   RO         2619    i.SetSysClockTo72   system_stm32f10x.o
    0x08001e44   0x00000110   Code   RO          514    i.Show_Str          gui_1.44.o
    0x08001f54   0x00000060   Code   RO         2621    i.SystemInit        system_stm32f10x.o
    0x08001fb4   0x00000024   Code   RO          675    i.TimerBL_Callback  lcd_1.44.o
    0x08001fd8   0x00000084   Code   RO          199    i.TimerZigbDevManage_Callback  uart_datatransfer.o
    0x0800205c   0x00000010   Code   RO          876    i.UART4_IRQHandler  usart_stm32f10x.o
    0x0800206c   0x00000010   Code   RO          877    i.UART5_IRQHandler  usart_stm32f10x.o
    0x0800207c   0x00000018   Code   RO          878    i.USART1_Control    usart_stm32f10x.o
    0x08002094   0x00000064   Code   RO          200    i.USART1_DbugP1_Init  uart_datatransfer.o
    0x080020f8   0x00000010   Code   RO          879    i.USART1_GetCapabilities  usart_stm32f10x.o
    0x08002108   0x00000010   Code   RO          880    i.USART1_GetModemStatus  usart_stm32f10x.o
    0x08002118   0x00000010   Code   RO          881    i.USART1_GetRxCount  usart_stm32f10x.o
    0x08002128   0x00000010   Code   RO          882    i.USART1_GetStatus  usart_stm32f10x.o
    0x08002138   0x00000010   Code   RO          883    i.USART1_GetTxCount  usart_stm32f10x.o
    0x08002148   0x00000010   Code   RO          884    i.USART1_IRQHandler  usart_stm32f10x.o
    0x08002158   0x00000014   Code   RO          885    i.USART1_Initialize  usart_stm32f10x.o
    0x0800216c   0x00000014   Code   RO          886    i.USART1_PowerControl  usart_stm32f10x.o
    0x08002180   0x00000018   Code   RO          887    i.USART1_Receive    usart_stm32f10x.o
    0x08002198   0x00000018   Code   RO          888    i.USART1_Send       usart_stm32f10x.o
    0x080021b0   0x00000014   Code   RO          889    i.USART1_SetModemControl  usart_stm32f10x.o
    0x080021c4   0x0000001c   Code   RO          890    i.USART1_Transfer   usart_stm32f10x.o
    0x080021e0   0x00000010   Code   RO          891    i.USART1_Uninitialize  usart_stm32f10x.o
    0x080021f0   0x00000002   Code   RO          201    i.USART1_callback   uart_datatransfer.o
    0x080021f2   0x00000002   PAD
    0x080021f4   0x00000018   Code   RO          892    i.USART2_Control    usart_stm32f10x.o
    0x0800220c   0x0000008c   Code   RO          202    i.USART2_DbugP2_Init  uart_datatransfer.o
    0x08002298   0x00000010   Code   RO          893    i.USART2_GetCapabilities  usart_stm32f10x.o
    0x080022a8   0x00000010   Code   RO          894    i.USART2_GetModemStatus  usart_stm32f10x.o
    0x080022b8   0x00000010   Code   RO          895    i.USART2_GetRxCount  usart_stm32f10x.o
    0x080022c8   0x00000010   Code   RO          896    i.USART2_GetStatus  usart_stm32f10x.o
    0x080022d8   0x00000010   Code   RO          897    i.USART2_GetTxCount  usart_stm32f10x.o
    0x080022e8   0x00000010   Code   RO          898    i.USART2_IRQHandler  usart_stm32f10x.o
    0x080022f8   0x00000014   Code   RO          899    i.USART2_Initialize  usart_stm32f10x.o
    0x0800230c   0x00000014   Code   RO          900    i.USART2_PowerControl  usart_stm32f10x.o
    0x08002320   0x00000018   Code   RO          901    i.USART2_Receive    usart_stm32f10x.o
    0x08002338   0x00000018   Code   RO          902    i.USART2_Send       usart_stm32f10x.o
    0x08002350   0x00000014   Code   RO          903    i.USART2_SetModemControl  usart_stm32f10x.o
    0x08002364   0x0000001c   Code   RO          904    i.USART2_Transfer   usart_stm32f10x.o
    0x08002380   0x00000010   Code   RO          905    i.USART2_Uninitialize  usart_stm32f10x.o
    0x08002390   0x00000002   Code   RO          203    i.USART2_callback   uart_datatransfer.o
    0x08002392   0x00000002   PAD
    0x08002394   0x00000018   Code   RO          906    i.USART3_Control    usart_stm32f10x.o
    0x080023ac   0x000000e8   Code   RO          204    i.USART3_DataTransP1_Init  uart_datatransfer.o
    0x08002494   0x00000010   Code   RO          907    i.USART3_GetCapabilities  usart_stm32f10x.o
    0x080024a4   0x00000010   Code   RO          908    i.USART3_GetModemStatus  usart_stm32f10x.o
    0x080024b4   0x00000010   Code   RO          909    i.USART3_GetRxCount  usart_stm32f10x.o
    0x080024c4   0x00000010   Code   RO          910    i.USART3_GetStatus  usart_stm32f10x.o
    0x080024d4   0x00000010   Code   RO          911    i.USART3_GetTxCount  usart_stm32f10x.o
    0x080024e4   0x00000010   Code   RO          912    i.USART3_IRQHandler  usart_stm32f10x.o
    0x080024f4   0x00000014   Code   RO          913    i.USART3_Initialize  usart_stm32f10x.o
    0x08002508   0x00000014   Code   RO          914    i.USART3_PowerControl  usart_stm32f10x.o
    0x0800251c   0x00000018   Code   RO          915    i.USART3_Receive    usart_stm32f10x.o
    0x08002534   0x00000018   Code   RO          916    i.USART3_Send       usart_stm32f10x.o
    0x0800254c   0x00000014   Code   RO          917    i.USART3_SetModemControl  usart_stm32f10x.o
    0x08002560   0x0000001c   Code   RO          918    i.USART3_Transfer   usart_stm32f10x.o
    0x0800257c   0x00000010   Code   RO          919    i.USART3_Uninitialize  usart_stm32f10x.o
    0x0800258c   0x00000002   Code   RO          205    i.USART3_callback   uart_datatransfer.o
    0x0800258e   0x00000002   PAD
    0x08002590   0x00000018   Code   RO          920    i.USART4_Control    usart_stm32f10x.o
    0x080025a8   0x00000098   Code   RO          206    i.USART4_DataTransP2_Init  uart_datatransfer.o
    0x08002640   0x00000010   Code   RO          921    i.USART4_GetCapabilities  usart_stm32f10x.o
    0x08002650   0x00000010   Code   RO          922    i.USART4_GetModemStatus  usart_stm32f10x.o
    0x08002660   0x00000010   Code   RO          923    i.USART4_GetRxCount  usart_stm32f10x.o
    0x08002670   0x00000010   Code   RO          924    i.USART4_GetStatus  usart_stm32f10x.o
    0x08002680   0x00000010   Code   RO          925    i.USART4_GetTxCount  usart_stm32f10x.o
    0x08002690   0x00000014   Code   RO          926    i.USART4_Initialize  usart_stm32f10x.o
    0x080026a4   0x00000014   Code   RO          927    i.USART4_PowerControl  usart_stm32f10x.o
    0x080026b8   0x00000018   Code   RO          928    i.USART4_Receive    usart_stm32f10x.o
    0x080026d0   0x00000018   Code   RO          929    i.USART4_Send       usart_stm32f10x.o
    0x080026e8   0x00000014   Code   RO          930    i.USART4_SetModemControl  usart_stm32f10x.o
    0x080026fc   0x0000001c   Code   RO          931    i.USART4_Transfer   usart_stm32f10x.o
    0x08002718   0x00000010   Code   RO          932    i.USART4_Uninitialize  usart_stm32f10x.o
    0x08002728   0x00000002   Code   RO          207    i.USART4_callback   uart_datatransfer.o
    0x0800272a   0x00000002   PAD
    0x0800272c   0x00000018   Code   RO          933    i.USART5_Control    usart_stm32f10x.o
    0x08002744   0x00000098   Code   RO          208    i.USART5_DataTransP3_Init  uart_datatransfer.o
    0x080027dc   0x00000010   Code   RO          934    i.USART5_GetCapabilities  usart_stm32f10x.o
    0x080027ec   0x00000010   Code   RO          935    i.USART5_GetModemStatus  usart_stm32f10x.o
    0x080027fc   0x00000010   Code   RO          936    i.USART5_GetRxCount  usart_stm32f10x.o
    0x0800280c   0x00000010   Code   RO          937    i.USART5_GetStatus  usart_stm32f10x.o
    0x0800281c   0x00000010   Code   RO          938    i.USART5_GetTxCount  usart_stm32f10x.o
    0x0800282c   0x00000014   Code   RO          939    i.USART5_Initialize  usart_stm32f10x.o
    0x08002840   0x00000014   Code   RO          940    i.USART5_PowerControl  usart_stm32f10x.o
    0x08002854   0x00000018   Code   RO          941    i.USART5_Receive    usart_stm32f10x.o
    0x0800286c   0x00000018   Code   RO          942    i.USART5_Send       usart_stm32f10x.o
    0x08002884   0x00000014   Code   RO          943    i.USART5_SetModemControl  usart_stm32f10x.o
    0x08002898   0x0000001c   Code   RO          944    i.USART5_Transfer   usart_stm32f10x.o
    0x080028b4   0x00000010   Code   RO          945    i.USART5_Uninitialize  usart_stm32f10x.o
    0x080028c4   0x00000002   Code   RO          209    i.USART5_callback   uart_datatransfer.o
    0x080028c6   0x00000002   PAD
    0x080028c8   0x00000820   Code   RO          946    i.USART_Control     usart_stm32f10x.o
    0x080030e8   0x00000006   Code   RO          947    i.USART_GetCapabilities  usart_stm32f10x.o
    0x080030ee   0x00000090   Code   RO          948    i.USART_GetModemStatus  usart_stm32f10x.o
    0x0800317e   0x00000008   Code   RO          949    i.USART_GetRxCount  usart_stm32f10x.o
    0x08003186   0x000000d4   Code   RO          950    i.USART_GetStatus   usart_stm32f10x.o
    0x0800325a   0x00000008   Code   RO          951    i.USART_GetTxCount  usart_stm32f10x.o
    0x08003262   0x00000270   Code   RO          952    i.USART_IRQHandler  usart_stm32f10x.o
    0x080034d2   0x000000a2   Code   RO          953    i.USART_Initialize  usart_stm32f10x.o
    0x08003574   0x000000d8   Code   RO          954    i.USART_PeripheralReset  usart_stm32f10x.o
    0x0800364c   0x00000228   Code   RO          955    i.USART_PowerControl  usart_stm32f10x.o
    0x08003874   0x000000a2   Code   RO          956    i.USART_Receive     usart_stm32f10x.o
    0x08003916   0x00000088   Code   RO          957    i.USART_Send        usart_stm32f10x.o
    0x0800399e   0x0000009c   Code   RO          958    i.USART_SetModemControl  usart_stm32f10x.o
    0x08003a3a   0x0000006a   Code   RO          959    i.USART_Transfer    usart_stm32f10x.o
    0x08003aa4   0x0000006c   Code   RO          960    i.USART_Uninitialize  usart_stm32f10x.o
    0x08003b10   0x00000010   Code   RO          961    i.USARTx_GetVersion  usart_stm32f10x.o
    0x08003b20   0x00000118   Code   RO          210    i.WIFI_CONNECT_DETECT  uart_datatransfer.o
    0x08003c38   0x00000120   Code   RO          211    i.WIFI_Init         uart_datatransfer.o
    0x08003d58   0x0000007c   Code   RO          212    i.WIFI_TXFrameLoad  uart_datatransfer.o
    0x08003dd4   0x000001c8   Code   RO          213    i.WIFI_datsRX       uart_datatransfer.o
    0x08003f9c   0x0000022c   Code   RO          214    i.WIFI_datsTX       uart_datatransfer.o
    0x080041c8   0x000003d4   Code   RO          215    i.WIFI_mainThread   uart_datatransfer.o
    0x0800459c   0x0000001c   Code   RO          216    i.XOR_CHECK         uart_datatransfer.o
    0x080045b8   0x0000012c   Code   RO          217    i.ZigB_Init         uart_datatransfer.o
    0x080046e4   0x0000007c   Code   RO          218    i.ZigB_TXFrameLoad  uart_datatransfer.o
    0x08004760   0x0000019c   Code   RO          219    i.ZigB_datsRX       uart_datatransfer.o
    0x080048fc   0x00000148   Code   RO          220    i.ZigB_datsTX       uart_datatransfer.o
    0x08004a44   0x00000404   Code   RO          221    i.ZigB_mainThread   uart_datatransfer.o
    0x08004e48   0x00000038   Code   RO          222    i.ZigBdevDispList   uart_datatransfer.o
    0x08004e80   0x00000046   Code   RO         3755    i._init_box         RTX_CM3.lib(rt_membox.o)
    0x08004ec6   0x0000000e   Code   RO         3923    i._is_digit         c_w.l(__printf_wp.o)
    0x08004ed4   0x00000020   Code   RO          817    i._mutex_acquire    rtx_conf_cm.o
    0x08004ef4   0x0000001c   Code   RO          819    i._mutex_release    rtx_conf_cm.o
    0x08004f10   0x0000000a   Code   RO          223    i.com1DbugP1_Thread  uart_datatransfer.o
    0x08004f1a   0x0000000a   Code   RO          224    i.com2DbugP2_Thread  uart_datatransfer.o
    0x08004f24   0x0000000a   Code   RO          225    i.com3DataTransP1_Thread  uart_datatransfer.o
    0x08004f2e   0x00000006   Code   RO          226    i.com4DataTransP2_Thread  uart_datatransfer.o
    0x08004f34   0x00000006   Code   RO          227    i.com5DataTransP3_Thread  uart_datatransfer.o
    0x08004f3a   0x00000002   PAD
    0x08004f3c   0x000000a0   Code   RO          228    i.communicationActive  uart_datatransfer.o
    0x08004fdc   0x00000030   Code   RO         3808    i.dbg_init          RTX_CM3.lib(hal_cm.o)
    0x0800500c   0x00000020   Code   RO         3809    i.dbg_task_notify   RTX_CM3.lib(hal_cm.o)
    0x0800502c   0x00000010   Code   RO         3810    i.dbg_task_switch   RTX_CM3.lib(hal_cm.o)
    0x0800503c   0x0000002a   Code   RO         2664    i.isrMessageGet     RTX_CM3.lib(rt_cmsis.o)
    0x08005066   0x0000002c   Code   RO         2665    i.isrMessagePut     RTX_CM3.lib(rt_cmsis.o)
    0x08005092   0x00000002   PAD
    0x08005094   0x00000056   Code   RO         3610    i.isr_mbx_receive   RTX_CM3.lib(rt_mailbox.o)
    0x080050ea   0x0000000e   Code   RO         3611    i.isr_mbx_send      RTX_CM3.lib(rt_mailbox.o)
    0x080050f8   0x00000038   Code   RO            4    i.main              main.o
    0x08005130   0x00000046   Code   RO          229    i.memloc            uart_datatransfer.o
    0x08005176   0x0000003a   Code   RO          230    i.memmem            uart_datatransfer.o
    0x080051b0   0x00000040   Code   RO          231    i.msgQueueInit      uart_datatransfer.o
    0x080051f0   0x00000018   Code   RO         2668    i.osDelay           RTX_CM3.lib(rt_cmsis.o)
    0x08005208   0x00000024   Code   RO         2669    i.osKernelInitialize  RTX_CM3.lib(rt_cmsis.o)
    0x0800522c   0x0000006c   Code   RO         2671    i.osKernelStart     RTX_CM3.lib(rt_cmsis.o)
    0x08005298   0x0000003c   Code   RO          232    i.osMemoryInit      uart_datatransfer.o
    0x080052d4   0x0000002c   Code   RO         2679    i.osMessageCreate   RTX_CM3.lib(rt_cmsis.o)
    0x08005300   0x00000018   Code   RO         2680    i.osMessageGet      RTX_CM3.lib(rt_cmsis.o)
    0x08005318   0x00000018   Code   RO         2681    i.osMessagePut      RTX_CM3.lib(rt_cmsis.o)
    0x08005330   0x00000020   Code   RO         2686    i.osPoolAlloc       RTX_CM3.lib(rt_cmsis.o)
    0x08005350   0x0000002c   Code   RO         2688    i.osPoolCreate      RTX_CM3.lib(rt_cmsis.o)
    0x0800537c   0x00000020   Code   RO         2689    i.osPoolFree        RTX_CM3.lib(rt_cmsis.o)
    0x0800539c   0x0000002c   Code   RO         2697    i.osThreadCreate    RTX_CM3.lib(rt_cmsis.o)
    0x080053c8   0x00000018   Code   RO         2698    i.osThreadExit      RTX_CM3.lib(rt_cmsis.o)
    0x080053e0   0x0000000c   Code   RO         2704    i.osTimerCall       RTX_CM3.lib(rt_cmsis.o)
    0x080053ec   0x0000002c   Code   RO         2705    i.osTimerCreate     RTX_CM3.lib(rt_cmsis.o)
    0x08005418   0x00000018   Code   RO         2707    i.osTimerStart      RTX_CM3.lib(rt_cmsis.o)
    0x08005430   0x0000002c   Code   RO         2709    i.osTimerThread     RTX_CM3.lib(rt_cmsis.o)
    0x0800545c   0x00000022   Code   RO          820    i.os_error          rtx_conf_cm.o
    0x0800547e   0x00000004   Code   RO          821    i.os_idle_demon     rtx_conf_cm.o
    0x08005482   0x00000002   PAD
    0x08005484   0x00000028   Code   RO         3402    i.os_tick_init      RTX_CM3.lib(rt_system.o)
    0x080054ac   0x00000002   Code   RO         3403    i.os_tick_irqack    RTX_CM3.lib(rt_system.o)
    0x080054ae   0x0000001a   Code   RO         3756    i.rt_alloc_box      RTX_CM3.lib(rt_membox.o)
    0x080054c8   0x0000003e   Code   RO         3784    i.rt_alloc_mem      RTX_CM3.lib(rt_memory.o)
    0x08005506   0x00000002   PAD
    0x08005508   0x00000038   Code   RO         3283    i.rt_block          RTX_CM3.lib(rt_task.o)
    0x08005540   0x00000048   Code   RO         3733    i.rt_chk_robin      RTX_CM3.lib(rt_robin.o)
    0x08005588   0x00000070   Code   RO         3534    i.rt_dec_dly        RTX_CM3.lib(rt_list.o)
    0x080055f8   0x00000044   Code   RO         3284    i.rt_dispatch       RTX_CM3.lib(rt_task.o)
    0x0800563c   0x00000006   Code   RO         3700    i.rt_dly_wait       RTX_CM3.lib(rt_time.o)
    0x08005642   0x00000002   PAD
    0x08005644   0x00000050   Code   RO         3495    i.rt_evt_psh        RTX_CM3.lib(rt_event.o)
    0x08005694   0x0000002c   Code   RO         3757    i.rt_free_box       RTX_CM3.lib(rt_membox.o)
    0x080056c0   0x00000028   Code   RO         3785    i.rt_free_mem       RTX_CM3.lib(rt_memory.o)
    0x080056e8   0x00000028   Code   RO         3535    i.rt_get_first      RTX_CM3.lib(rt_list.o)
    0x08005710   0x00000008   Code   RO         2714    i.rt_id2obj         RTX_CM3.lib(rt_cmsis.o)
    0x08005718   0x00000048   Code   RO         3285    i.rt_init_context   RTX_CM3.lib(rt_task.o)
    0x08005760   0x0000001a   Code   RO         3786    i.rt_init_mem       RTX_CM3.lib(rt_memory.o)
    0x0800577a   0x00000002   PAD
    0x0800577c   0x00000018   Code   RO         3734    i.rt_init_robin     RTX_CM3.lib(rt_robin.o)
    0x08005794   0x00000080   Code   RO         3811    i.rt_init_stack     RTX_CM3.lib(hal_cm.o)
    0x08005814   0x00000008   Code   RO         3612    i.rt_mbx_check      RTX_CM3.lib(rt_mailbox.o)
    0x0800581c   0x0000001a   Code   RO         3613    i.rt_mbx_init       RTX_CM3.lib(rt_mailbox.o)
    0x08005836   0x00000002   PAD
    0x08005838   0x000000f0   Code   RO         3614    i.rt_mbx_psh        RTX_CM3.lib(rt_mailbox.o)
    0x08005928   0x00000098   Code   RO         3615    i.rt_mbx_send       RTX_CM3.lib(rt_mailbox.o)
    0x080059c0   0x000000b4   Code   RO         3616    i.rt_mbx_wait       RTX_CM3.lib(rt_mailbox.o)
    0x08005a74   0x00000044   Code   RO         2715    i.rt_ms2tick        RTX_CM3.lib(rt_cmsis.o)
    0x08005ab8   0x000000d8   Code   RO         3369    i.rt_mut_release    RTX_CM3.lib(rt_mutex.o)
    0x08005b90   0x00000078   Code   RO         3370    i.rt_mut_wait       RTX_CM3.lib(rt_mutex.o)
    0x08005c08   0x0000007c   Code   RO         3406    i.rt_pop_req        RTX_CM3.lib(rt_system.o)
    0x08005c84   0x00000020   Code   RO         3407    i.rt_psh_req        RTX_CM3.lib(rt_system.o)
    0x08005ca4   0x0000005c   Code   RO         3537    i.rt_psq_enq        RTX_CM3.lib(rt_list.o)
    0x08005d00   0x00000048   Code   RO         3538    i.rt_put_dly        RTX_CM3.lib(rt_list.o)
    0x08005d48   0x00000036   Code   RO         3539    i.rt_put_prio       RTX_CM3.lib(rt_list.o)
    0x08005d7e   0x00000002   PAD
    0x08005d80   0x00000014   Code   RO         3540    i.rt_put_rdy_first  RTX_CM3.lib(rt_list.o)
    0x08005d94   0x00000034   Code   RO         3541    i.rt_resort_prio    RTX_CM3.lib(rt_list.o)
    0x08005dc8   0x00000006   Code   RO         3812    i.rt_ret_val        RTX_CM3.lib(hal_cm.o)
    0x08005dce   0x00000008   Code   RO         3813    i.rt_ret_val2       RTX_CM3.lib(hal_cm.o)
    0x08005dd6   0x00000028   Code   RO         3542    i.rt_rmv_dly        RTX_CM3.lib(rt_list.o)
    0x08005dfe   0x00000002   PAD
    0x08005e00   0x00000030   Code   RO         3543    i.rt_rmv_list       RTX_CM3.lib(rt_list.o)
    0x08005e30   0x00000034   Code   RO         3661    i.rt_sem_psh        RTX_CM3.lib(rt_semaphore.o)
    0x08005e64   0x00000024   Code   RO         3409    i.rt_stk_check      RTX_CM3.lib(rt_system.o)
    0x08005e88   0x00000028   Code   RO         3286    i.rt_switch_req     RTX_CM3.lib(rt_task.o)
    0x08005eb0   0x000000cc   Code   RO         3287    i.rt_sys_init       RTX_CM3.lib(rt_task.o)
    0x08005f7c   0x00000078   Code   RO         3288    i.rt_sys_start      RTX_CM3.lib(rt_task.o)
    0x08005ff4   0x00000040   Code   RO         3411    i.rt_systick        RTX_CM3.lib(rt_system.o)
    0x08006034   0x00000012   Code   RO         2716    i.rt_tid2ptcb       RTX_CM3.lib(rt_cmsis.o)
    0x08006046   0x00000002   PAD
    0x08006048   0x00000034   Code   RO         2717    i.rt_timer_insert   RTX_CM3.lib(rt_cmsis.o)
    0x0800607c   0x0000003c   Code   RO         2718    i.rt_timer_remove   RTX_CM3.lib(rt_cmsis.o)
    0x080060b8   0x00000088   Code   RO         3289    i.rt_tsk_create     RTX_CM3.lib(rt_task.o)
    0x08006140   0x0000017c   Code   RO         3290    i.rt_tsk_delete     RTX_CM3.lib(rt_task.o)
    0x080062bc   0x0000007c   Code   RO         3292    i.rt_tsk_prio       RTX_CM3.lib(rt_task.o)
    0x08006338   0x00000010   Code   RO         3293    i.rt_tsk_self       RTX_CM3.lib(rt_task.o)
    0x08006348   0x0000004c   Code   RO          233    i.strloc            uart_datatransfer.o
    0x08006394   0x00000012   Code   RO         2719    i.svcDelay          RTX_CM3.lib(rt_cmsis.o)
    0x080063a6   0x00000002   PAD
    0x080063a8   0x00000070   Code   RO         2720    i.svcKernelInitialize  RTX_CM3.lib(rt_cmsis.o)
    0x08006418   0x00000048   Code   RO         2722    i.svcKernelStart    RTX_CM3.lib(rt_cmsis.o)
    0x08006460   0x00000024   Code   RO         2725    i.svcMessageCreate  RTX_CM3.lib(rt_cmsis.o)
    0x08006484   0x0000003a   Code   RO         2726    i.svcMessageGet     RTX_CM3.lib(rt_cmsis.o)
    0x080064be   0x00000036   Code   RO         2727    i.svcMessagePut     RTX_CM3.lib(rt_cmsis.o)
    0x080064f4   0x00000028   Code   RO         2732    i.svcPoolCreate     RTX_CM3.lib(rt_cmsis.o)
    0x0800651c   0x0000006c   Code   RO         2740    i.svcThreadCreate   RTX_CM3.lib(rt_cmsis.o)
    0x08006588   0x0000001c   Code   RO         2741    i.svcThreadGetId    RTX_CM3.lib(rt_cmsis.o)
    0x080065a4   0x00000038   Code   RO         2744    i.svcThreadTerminate  RTX_CM3.lib(rt_cmsis.o)
    0x080065dc   0x00000018   Code   RO         2746    i.svcTimerCall      RTX_CM3.lib(rt_cmsis.o)
    0x080065f4   0x00000038   Code   RO         2747    i.svcTimerCreate    RTX_CM3.lib(rt_cmsis.o)
    0x0800662c   0x00000064   Code   RO         2749    i.svcTimerStart     RTX_CM3.lib(rt_cmsis.o)
    0x08006690   0x0000000a   Code   RO         2753    i.sysPoolAlloc      RTX_CM3.lib(rt_cmsis.o)
    0x0800669a   0x00000014   Code   RO         2754    i.sysPoolFree       RTX_CM3.lib(rt_cmsis.o)
    0x080066ae   0x00000002   PAD
    0x080066b0   0x0000005c   Code   RO         2755    i.sysTimerTick      RTX_CM3.lib(rt_cmsis.o)
    0x0800670c   0x000000f0   Code   RO          234    i.wifi_ATCMD_INPUT  uart_datatransfer.o
    0x080067fc   0x00000018   Code   RO          235    i.zigbDev_chatLenDectect  uart_datatransfer.o
    0x08006814   0x00000054   Code   RO          236    i.zigbDev_delSame   uart_datatransfer.o
    0x08006868   0x00000054   Code   RO          237    i.zigbDev_eptCreat  uart_datatransfer.o
    0x080068bc   0x00000068   Code   RO          238    i.zigbDev_eptPutout_BYnwk  uart_datatransfer.o
    0x08006924   0x00000074   Code   RO          239    i.zigbDev_eptPutout_BYpsy  uart_datatransfer.o
    0x08006998   0x00000040   Code   RO          240    i.zigbDev_eptRemove_BYnwk  uart_datatransfer.o
    0x080069d8   0x000000f4   Code   RO          242    i.zigb_VALIDA_INPUT  uart_datatransfer.o
    0x08006acc   0x0000006c   Code   RO          243    i.zigb_clusterSet   uart_datatransfer.o
    0x08006b38   0x00000c44   Data   RO          245    .constdata          uart_datatransfer.o
    0x0800777c   0x00003a7e   Data   RO          518    .constdata          gui_1.44.o
    0x0800b1fa   0x00000002   PAD
    0x0800b1fc   0x00000028   Data   RO          677    .constdata          lcd_1.44.o
    0x0800b224   0x00000068   Data   RO          823    .constdata          rtx_conf_cm.o
    0x0800b28c   0x00000284   Data   RO          963    .constdata          usart_stm32f10x.o
    0x0800b510   0x00000028   Data   RO         3896    .constdata          c_w.l(_printf_hex_int.o)
    0x0800b538   0x00000011   Data   RO         3926    .constdata          c_w.l(__printf_flags_wp.o)
    0x0800b549   0x00000003   PAD
    0x0800b54c   0x00000217   Data   RO          246    .conststring        uart_datatransfer.o
    0x0800b763   0x00000001   PAD
    0x0800b764   0x00000020   Data   RO         4125    Region$$Table       anon$$obj.o


    Execution Region RW_IRAM1 (Base: 0x20000000, Size: 0x00007930, Max: 0x0000c000, ABSOLUTE)

    Base Addr    Size         Type   Attr      Idx    E Section Name        Object

    0x20000000   0x00000044   Data   RW          247    .data               uart_datatransfer.o
    0x20000044   0x0000000a   Data   RW          678    .data               lcd_1.44.o
    0x2000004e   0x00000002   PAD
    0x20000050   0x00000014   Data   RW          824    .data               rtx_conf_cm.o
    0x20000064   0x00000008   Data   RW         2758    .data               RTX_CM3.lib(rt_cmsis.o)
    0x2000006c   0x00000008   Data   RW         3295    .data               RTX_CM3.lib(rt_task.o)
    0x20000074   0x00000008   Data   RW         3414    .data               RTX_CM3.lib(rt_system.o)
    0x2000007c   0x00000004   Data   RW         3704    .data               RTX_CM3.lib(rt_time.o)
    0x20000080   0x00000008   Data   RW         3735    .data               RTX_CM3.lib(rt_robin.o)
    0x20000088   0x00000001   Data   RW         3814    .data               RTX_CM3.lib(hal_cm.o)
    0x20000089   0x00000003   PAD
    0x2000008c   0x00000a6c   Zero   RW          244    .bss                uart_datatransfer.o
    0x20000af8   0x00000028   Zero   RW          676    .bss                lcd_1.44.o
    0x20000b20   0x00006634   Zero   RW          822    .bss                rtx_conf_cm.o
    0x20007154   0x00000118   Zero   RW          962    .bss                usart_stm32f10x.o
    0x2000726c   0x00000034   Zero   RW         3294    .bss                RTX_CM3.lib(rt_task.o)
    0x200072a0   0x00000030   Zero   RW         3544    .bss                RTX_CM3.lib(rt_list.o)
    0x200072d0   0x00000060   Zero   RW         3872    .bss                c_w.l(libspace.o)
    0x20007330   0x00000200   Zero   RW         2609    HEAP                startup_stm32f10x_hd.o
    0x20007530   0x00000400   Zero   RW         2608    STACK               startup_stm32f10x_hd.o


==============================================================================

Image component sizes


      Code (inc. data)   RO Data    RW Data    ZI Data      Debug   Object Name

       368         50          0          0          0      12235   dma_stm32f10x.o
       744         76          0          0          0       6321   gpio_stm32f10x.o
      1620         68      14974          0          0       7690   gui_1.44.o
      1642        210         40         10         40      13584   lcd_1.44.o
        56          0          0          0          0     234817   main.o
       126         26        104         20      26164       9275   rtx_conf_cm.o
        64         26        304          0       1536        836   startup_stm32f10x_hd.o
       422          6          0          0          0       2990   stm32f10x_gpio.o
        64         12          0          0          0       1234   stm32f10x_rcc.o
        84          0          0          0          0       2317   stm32f10x_spi.o
       328         28          0          0          0       2057   system_stm32f10x.o
      7476       1100       3675         68       2668      43426   uart_datatransfer.o
      6056        486        644          0        280      87828   usart_stm32f10x.o

    ----------------------------------------------------------------------
     19092       2088      19776        100      30688     424610   Object Totals
         0          0         32          0          0          0   (incl. Generated)
        42          0          3          2          0          0   (incl. Padding)

    ----------------------------------------------------------------------

      Code (inc. data)   RO Data    RW Data    ZI Data      Debug   Library Member Name

       238         24          0          1          0       3312   hal_cm.o
       304         36          0          0          0        768   hal_cm3.o
      1736        204          0          8          0      42026   rt_cmsis.o
        80          4          0          0          0        661   rt_event.o
       530         34          0          0         48       8253   rt_list.o
       706         14          0          0          0       4787   rt_mailbox.o
       140          0          0          0          0       1925   rt_membox.o
       128          0          0          0          0       2307   rt_memory.o
       336         14          0          0          0       1643   rt_mutex.o
        96         22          0          8          0       1158   rt_robin.o
        52          4          0          0          0        573   rt_semaphore.o
       298         52          0          8          0       6223   rt_system.o
      1216        174          0          8         52       9649   rt_task.o
         6          0          0          4          0        652   rt_time.o
         4          4          0          0          0        208   svc_table.o
         8          0          0          0          0         68   __main.o
       312          4         17          0          0         92   __printf_flags_wp.o
        14          0          0          0          0         68   __printf_wp.o
         0          0          0          0          0          0   __rtentry.o
        20          0          0          0          0          0   __rtentry2.o
         6          0          0          0          0          0   __rtentry4.o
        52          8          0          0          0          0   __scatter.o
        26          0          0          0          0          0   __scatter_copy.o
        28          0          0          0          0          0   __scatter_zi.o
        44          0          0          0          0        108   _printf_char.o
        48          6          0          0          0         96   _printf_char_common.o
         6          0          0          0          0          0   _printf_d.o
       120         16          0          0          0         92   _printf_dec.o
        88          4         40          0          0         88   _printf_hex_int.o
       178          0          0          0          0         88   _printf_intcommon.o
        78          0          0          0          0        108   _printf_pad.o
         0          0          0          0          0          0   _printf_percent.o
         4          0          0          0          0          0   _printf_percent_end.o
         6          0          0          0          0          0   _printf_s.o
        82          0          0          0          0         80   _printf_str.o
         6          0          0          0          0          0   _printf_x.o
        16          0          0          0          0         68   _snputc.o
        10          0          0          0          0         68   _sputc.o
        18          0          0          0          0         80   exit.o
         6          0          0          0          0        152   heapauxi.o
         0          0          0          0          0          0   indicate_semi.o
         2          0          0          0          0          0   libinit.o
         2          0          0          0          0          0   libinit2.o
         2          0          0          0          0          0   libshutdown.o
         2          0          0          0          0          0   libshutdown2.o
         8          4          0          0         96         68   libspace.o
       238          0          0          0          0        100   lludivv7m.o
        88          0          0          0          0         76   memcmp.o
        52          4          0          0          0         84   noretval__2snprintf.o
        40          6          0          0          0         84   noretval__2sprintf.o
        68          0          0          0          0         68   rt_memclr.o
        78          0          0          0          0         80   rt_memclr_w.o
       138          0          0          0          0         68   rt_memcpy_v6.o
       100          0          0          0          0         80   rt_memcpy_w.o
         2          0          0          0          0          0   rtexit.o
        10          0          0          0          0          0   rtexit2.o
        62          0          0          0          0         76   strlen.o
        12          4          0          0          0         68   sys_exit.o
        74          0          0          0          0         80   sys_stackheap_outer.o
         2          0          0          0          0         68   use_no_semi.o

    ----------------------------------------------------------------------
      8052        642         60         40        196      86401   Library Totals
        26          0          3          3          0          0   (incl. Padding)

    ----------------------------------------------------------------------

      Code (inc. data)   RO Data    RW Data    ZI Data      Debug   Library Name

      5870        586          0         37        100      84145   RTX_CM3.lib
      2156         56         57          0         96       2256   c_w.l

    ----------------------------------------------------------------------
      8052        642         60         40        196      86401   Library Totals

    ----------------------------------------------------------------------

==============================================================================


      Code (inc. data)   RO Data    RW Data    ZI Data      Debug   

     27144       2730      19836        140      30884     495355   Grand Totals
     27144       2730      19836        140      30884     495355   ELF Image Totals
     27144       2730      19836        140          0          0   ROM Totals

==============================================================================

    Total RO  Size (Code + RO Data)                46980 (  45.88kB)
    Total RW  Size (RW Data + ZI Data)             31024 (  30.30kB)
    Total ROM Size (Code + RO Data + RW Data)      47120 (  46.02kB)

==============================================================================

